Component: ARM Compiler 5.06 update 4 (build 422) Tool: armlink [4d35d2]

==============================================================================

Section Cross References

    startup_stm32f407xx.o(RESET) refers to startup_stm32f407xx.o(STACK) for __initial_sp
    startup_stm32f407xx.o(RESET) refers to startup_stm32f407xx.o(.text) for Reset_Handler
    startup_stm32f407xx.o(RESET) refers to stm32f4xx_it.o(i.NMI_Handler) for NMI_Handler
    startup_stm32f407xx.o(RESET) refers to stm32f4xx_it.o(i.HardFault_Handler) for HardFault_Handler
    startup_stm32f407xx.o(RESET) refers to stm32f4xx_it.o(i.MemManage_Handler) for MemManage_Handler
    startup_stm32f407xx.o(RESET) refers to stm32f4xx_it.o(i.BusFault_Handler) for BusFault_Handler
    startup_stm32f407xx.o(RESET) refers to stm32f4xx_it.o(i.UsageFault_Handler) for UsageFault_Handler
    startup_stm32f407xx.o(RESET) refers to stm32f4xx_it.o(i.SVC_Handler) for SVC_Handler
    startup_stm32f407xx.o(RESET) refers to stm32f4xx_it.o(i.DebugMon_Handler) for DebugMon_Handler
    startup_stm32f407xx.o(RESET) refers to stm32f4xx_it.o(i.PendSV_Handler) for PendSV_Handler
    startup_stm32f407xx.o(RESET) refers to stm32f4xx_it.o(i.SysTick_Handler) for SysTick_Handler
    startup_stm32f407xx.o(RESET) refers to stm32f4xx_it.o(i.USART1_IRQHandler) for USART1_IRQHandler
    startup_stm32f407xx.o(RESET) refers to stm32f4xx_it.o(i.TIM7_IRQHandler) for TIM7_IRQHandler
    startup_stm32f407xx.o(.text) refers to system_stm32f4xx.o(i.SystemInit) for SystemInit
    startup_stm32f407xx.o(.text) refers to entry.o(.ARM.Collect$$$$00000000) for __main
    botmotor.o(i.TIMSampleHander) refers to main.o(.bss) for htim5
    botmotor.o(.data) refers to botmotor.o(.bss) for IMPBOTMOTOR
    motordriver.o(i.TIMMotorDriverHander) refers to picalculator.o(i.init_PICalculator) for init_PICalculator
    motordriver.o(i.TIMMotorDriverHander) refers to botmotor.o(i.getSampleSpeed_BotMotor) for getSampleSpeed_BotMotor
    motordriver.o(i.TIMMotorDriverHander) refers to botmotor.o(i.getTargetSpeed_BotMotor) for getTargetSpeed_BotMotor
    motordriver.o(i.TIMMotorDriverHander) refers to picalculator.o(i.getResults_PICalculator) for getResults_PICalculator
    motordriver.o(i.TIMMotorDriverHander) refers to stm32f4xx_hal_gpio.o(i.HAL_GPIO_WritePin) for HAL_GPIO_WritePin
    motordriver.o(i.TIMMotorDriverHander) refers to motordriver.o(.data) for PIcalculator
    motordriver.o(i.TIMMotorDriverHander) refers to botmotor.o(.data) for BOTMOTOR
    motordriver.o(i.TIMMotorDriverHander) refers to motordriver.o(.bss) for speedStrength
    motordriver.o(i.TIMMotorDriverHander) refers to main.o(.bss) for htim1
    picalculator.o(i.delete_PICalculator) refers to malloc.o(i.free) for free
    picalculator.o(i.getResults_PICalculator) refers to malloc.o(i.malloc) for malloc
    picalculator.o(i.getResults_PICalculator) refers to memmovea.o(.text) for __aeabi_memcpy4
    picalculator.o(i.getResults_PICalculator) refers to malloc.o(i.free) for free
    picalculator.o(i.init_PICalculator) refers to malloc.o(i.malloc) for malloc
    picalculator.o(i.init_PICalculator) refers to memseta.o(.text) for __aeabi_memclr4
    serialcontrolor.o(i.rotate) refers to serialcontrolor.o(.data) for AXE_LEN
    serialcontrolor.o(i.serialInfoHander) refers to load.o(i.json_loads) for json_loads
    serialcontrolor.o(i.serialInfoHander) refers to value.o(i.json_object_get) for json_object_get
    serialcontrolor.o(i.serialInfoHander) refers to value.o(i.json_real_value) for json_real_value
    serialcontrolor.o(i.serialInfoHander) refers to d2f.o(.text) for __aeabi_d2f
    serialcontrolor.o(i.serialInfoHander) refers to value.o(i.json_string_value) for json_string_value
    serialcontrolor.o(i.serialInfoHander) refers to strcmp.o(.text) for strcmp
    serialcontrolor.o(i.serialInfoHander) refers to serialcontrolor.o(i.translation) for translation
    serialcontrolor.o(i.serialInfoHander) refers to malloc.o(i.free) for free
    serialcontrolor.o(i.serialInfoHander) refers to serialcontrolor.o(i.rotate) for rotate
    serialcontrolor.o(i.serialInfoHander) refers to serialcontrolor.o(.data) for MOVEMODE
    serialcontrolor.o(i.translation) refers to f2d.o(.text) for __aeabi_f2d
    serialcontrolor.o(i.translation) refers to dmul.o(.text) for __aeabi_dmul
    serialcontrolor.o(i.translation) refers to ddiv.o(.text) for __aeabi_ddiv
    serialcontrolor.o(i.translation) refers to cos.o(i.__hardfp_cos) for __hardfp_cos
    serialcontrolor.o(i.translation) refers to d2f.o(.text) for __aeabi_d2f
    serialcontrolor.o(i.translation) refers to sin.o(i.__hardfp_sin) for __hardfp_sin
    serialcontrolor.o(i.translation) refers to botmotor.o(i.setTargetSpeed_BotMotor) for setTargetSpeed_BotMotor
    serialcontrolor.o(i.translation) refers to botmotor.o(.data) for BOTMOTOR
    main.o(i.MX_GPIO_Init) refers to memseta.o(.text) for __aeabi_memclr4
[...]
    _fp_digits                               0x0800474d   Thumb Code   366  printfa.o(i._fp_digits)
    i._is_digit                              0x080048d0   Section        0  scanf_fp.o(i._is_digit)
    i._printf_core                           0x080048e0   Section        0  printfa.o(i._printf_core)
    _printf_core                             0x080048e1   Thumb Code  1744  printfa.o(i._printf_core)
    i._printf_post_padding                   0x08004fbc   Section        0  printfa.o(i._printf_post_padding)
    _printf_post_padding                     0x08004fbd   Thumb Code    36  printfa.o(i._printf_post_padding)
    i._printf_pre_padding                    0x08004fe0   Section        0  printfa.o(i._printf_pre_padding)
    _printf_pre_padding                      0x08004fe1   Thumb Code    46  printfa.o(i._printf_pre_padding)
    i._snputc                                0x0800500e   Section        0  printfa.o(i._snputc)
    _snputc                                  0x0800500f   Thumb Code    22  printfa.o(i._snputc)
    i.array_copy                             0x08005024   Section        0  value.o(i.array_copy)
    array_copy                               0x08005025   Thumb Code    24  value.o(i.array_copy)
    i.bucket_is_empty                        0x0800503c   Section        0  hashtable.o(i.bucket_is_empty)
    bucket_is_empty                          0x0800503d   Thumb Code    22  hashtable.o(i.bucket_is_empty)
    i.decode_unicode_escape                  0x08005052   Section        0  load.o(i.decode_unicode_escape)
    decode_unicode_escape                    0x08005053   Thumb Code    76  load.o(i.decode_unicode_escape)
    i.error_set                              0x080050a0   Section        0  load.o(i.error_set)
    error_set                                0x080050a1   Thumb Code   150  load.o(i.error_set)
    i.fabs                                   0x08005160   Section        0  fabs.o(i.fabs)
    i.free                                   0x08005178   Section        0  malloc.o(i.free)
    i.getResults_PICalculator                0x080051c8   Section        0  picalculator.o(i.getResults_PICalculator)
    i.getSampleSpeed_BotMotor                0x08005268   Section        0  botmotor.o(i.getSampleSpeed_BotMotor)
    i.getTargetSpeed_BotMotor                0x0800527e   Section        0  botmotor.o(i.getTargetSpeed_BotMotor)
    i.hashlittle                             0x08005294   Section        0  hashtable.o(i.hashlittle)
    hashlittle                               0x08005295   Thumb Code   318  hashtable.o(i.hashlittle)
    i.hashtable_close                        0x080053d8   Section        0  hashtable.o(i.hashtable_close)
    i.hashtable_do_clear                     0x080053e8   Section        0  hashtable.o(i.hashtable_do_clear)
    hashtable_do_clear                       0x080053e9   Thumb Code    34  hashtable.o(i.hashtable_do_clear)
    i.hashtable_do_rehash                    0x0800540a   Section        0  hashtable.o(i.hashtable_do_rehash)
    hashtable_do_rehash                      0x0800540b   Thumb Code   118  hashtable.o(i.hashtable_do_rehash)
    i.hashtable_find_pair                    0x08005480   Section        0  hashtable.o(i.hashtable_find_pair)
    hashtable_find_pair                      0x08005481   Thumb Code    60  hashtable.o(i.hashtable_find_pair)
    i.hashtable_get                          0x080054bc   Section        0  hashtable.o(i.hashtable_get)
    i.hashtable_init                         0x080054fc   Section        0  hashtable.o(i.hashtable_init)
    i.hashtable_set                          0x08005544   Section        0  hashtable.o(i.hashtable_set)
    i.init_PICalculator                      0x080055f0   Section        0  picalculator.o(i.init_PICalculator)
    i.insert_to_bucket                       0x0800562a   Section        0  hashtable.o(i.insert_to_bucket)
    insert_to_bucket                         0x0800562b   Thumb Code    42  hashtable.o(i.insert_to_bucket)
    i.json_array                             0x08005654   Section        0  value.o(i.json_array)
    i.json_array_append_new                  0x0800568c   Section        0  value.o(i.json_array_append_new)
    i.json_array_grow                        0x080056d4   Section        0  value.o(i.json_array_grow)
    json_array_grow                          0x080056d5   Thumb Code    76  value.o(i.json_array_grow)
    i.json_decref                            0x08005720   Section        0  load.o(i.json_decref)
    json_decref                              0x08005721   Thumb Code    24  load.o(i.json_decref)
    i.json_decref                            0x08005738   Section        0  value.o(i.json_decref)
    json_decref                              0x08005739   Thumb Code    24  value.o(i.json_decref)
    i.json_decref                            0x08005750   Section        0  hashtable.o(i.json_decref)
    json_decref                              0x08005751   Thumb Code    24  hashtable.o(i.json_decref)
    i.json_delete                            0x08005768   Section        0  value.o(i.json_delete)
    i.json_false                             0x080057bc   Section        0  value.o(i.json_false)
    i.json_incref                            0x080057c4   Section        0  load.o(i.json_incref)
    json_incref                              0x080057c5   Thumb Code    16  load.o(i.json_incref)
    i.json_integer                           0x080057d4   Section        0  value.o(i.json_integer)
    i.json_loads                             0x080057f0   Section        0  load.o(i.json_loads)
    i.json_null                              0x08005864   Section        0  value.o(i.json_null)
    i.json_object                            0x0800586c   Section        0  value.o(i.json_object)
    i.json_object_get                        0x080058b8   Section        0  value.o(i.json_object_get)
    i.json_object_seed                       0x080058d4   Section        0  hashtable_seed.o(i.json_object_seed)
    i.json_object_set_new_nocheck            0x080058fc   Section        0  value.o(i.json_object_set_new_nocheck)
    i.json_real                              0x0800593c   Section        0  value.o(i.json_real)
    i.json_real_value                        0x08005970   Section        0  value.o(i.json_real_value)
    i.json_string_value                      0x08005988   Section        0  value.o(i.json_string_value)
    i.json_true                              0x0800599c   Section        0  value.o(i.json_true)
    i.jsonp_error_init                       0x080059a4   Section        0  error.o(i.jsonp_error_init)
    i.jsonp_error_set                        0x080059c6   Section        0  error.o(i.jsonp_error_set)
    i.jsonp_error_set_source                 0x080059d8   Section        0  error.o(i.jsonp_error_set_source)
    i.jsonp_error_vset                       0x08005a14   Section        0  error.o(i.jsonp_error_vset)
    i.jsonp_free                             0x08005a40   Section        0  memory.o(i.jsonp_free)
    i.jsonp_malloc                           0x08005a50   Section        0  memory.o(i.jsonp_malloc)
    i.jsonp_stringn_nocheck_own              0x08005a60   Section        0  value.o(i.jsonp_stringn_nocheck_own)
    i.jsonp_strndup                          0x08005a6a   Section        0  memory.o(i.jsonp_strndup)
    i.jsonp_strtod                           0x08005a90   Section        0  strconv.o(i.jsonp_strtod)
    i.lex_close                              0x08005af4   Section        0  load.o(i.lex_close)
    lex_close                                0x08005af5   Thumb Code    28  load.o(i.lex_close)
    i.lex_free_string                        0x08005b10   Section        0  load.o(i.lex_free_string)
    lex_free_string                          0x08005b11   Thumb Code    18  load.o(i.lex_free_string)
    i.lex_get                                0x08005b22   Section        0  load.o(i.lex_get)
    lex_get                                  0x08005b23   Thumb Code     8  load.o(i.lex_get)
    i.lex_get_save                           0x08005b2a   Section        0  load.o(i.lex_get_save)
    lex_get_save                             0x08005b2b   Thumb Code    30  load.o(i.lex_get_save)
    i.lex_init                               0x08005b48   Section        0  load.o(i.lex_init)
    lex_init                                 0x08005b49   Thumb Code    44  load.o(i.lex_init)
    i.lex_save                               0x08005b78   Section        0  load.o(i.lex_save)
    lex_save                                 0x08005b79   Thumb Code    12  load.o(i.lex_save)
    i.lex_scan                               0x08005b84   Section        0  load.o(i.lex_scan)
    lex_scan                                 0x08005b85   Thumb Code   284  load.o(i.lex_scan)
    i.lex_scan_number                        0x08005cbc   Section        0  load.o(i.lex_scan_number)
    lex_scan_number                          0x08005cbd   Thumb Code   328  load.o(i.lex_scan_number)
    i.lex_scan_string                        0x08005e48   Section        0  load.o(i.lex_scan_string)
    lex_scan_string                          0x08005e49   Thumb Code   464  load.o(i.lex_scan_string)
    i.lex_unget_unsave                       0x080060d0   Section        0  load.o(i.lex_unget_unsave)
    lex_unget_unsave                         0x080060d1   Thumb Code    38  load.o(i.lex_unget_unsave)
    i.list_insert                            0x080060f6   Section        0  hashtable.o(i.list_insert)
    list_insert                              0x080060f7   Thumb Code    14  hashtable.o(i.list_insert)
    i.main                                   0x08006104   Section        0  main.o(i.main)
    i.malloc                                 0x080061e4   Section        0  malloc.o(i.malloc)
    i.parse_array                            0x08006250   Section        0  load.o(i.parse_array)
    parse_array                              0x08006251   Thumb Code   130  load.o(i.parse_array)
    i.parse_json                             0x080062e4   Section        0  load.o(i.parse_json)
    parse_json                               0x080062e5   Thumb Code   104  load.o(i.parse_json)
    i.parse_object                           0x08006378   Section        0  load.o(i.parse_object)
    parse_object                             0x08006379   Thumb Code   264  load.o(i.parse_object)
    i.parse_value                            0x080064f8   Section        0  load.o(i.parse_value)
    parse_value                              0x080064f9   Thumb Code   210  load.o(i.parse_value)
    i.rotate                                 0x08006638   Section        0  serialcontrolor.o(i.rotate)
    i.seed_from_timestamp_and_pid            0x08006690   Section        0  jansson_config.o(i.seed_from_timestamp_and_pid)
    i.serialInfoHander                       0x08006698   Section        0  serialcontrolor.o(i.serialInfoHander)
    i.setTargetSpeed_BotMotor                0x080067d0   Section        0  botmotor.o(i.setTargetSpeed_BotMotor)
    i.strbuffer_append_byte                  0x080067e4   Section        0  strbuffer.o(i.strbuffer_append_byte)
    i.strbuffer_append_bytes                 0x080067f0   Section        0  strbuffer.o(i.strbuffer_append_bytes)
    i.strbuffer_clear                        0x08006860   Section        0  strbuffer.o(i.strbuffer_clear)
    i.strbuffer_close                        0x0800686a   Section        0  strbuffer.o(i.strbuffer_close)
    i.strbuffer_init                         0x08006882   Section        0  strbuffer.o(i.strbuffer_init)
    i.strbuffer_pop                          0x080068a4   Section        0  strbuffer.o(i.strbuffer_pop)
    i.strbuffer_value                        0x080068bc   Section        0  strbuffer.o(i.strbuffer_value)
    i.stream_get                             0x080068c0   Section        0  load.o(i.stream_get)
    stream_get                               0x080068c1   Thumb Code   200  load.o(i.stream_get)
    i.stream_unget                           0x080069a4   Section        0  load.o(i.stream_unget)
    stream_unget                             0x080069a5   Thumb Code    74  load.o(i.stream_unget)
    i.string_create                          0x080069ee   Section        0  value.o(i.string_create)
    string_create                            0x080069ef   Thumb Code    62  value.o(i.string_create)
    i.string_get                             0x08006a2c   Section        0  load.o(i.string_get)
    string_get                               0x08006a2d   Thumb Code    24  load.o(i.string_get)
    i.strtod                                 0x08006a48   Section        0  strtod.o(i.strtod)
    i.translation                            0x08006a78   Section        0  serialcontrolor.o(i.translation)
    i.utf8_check_first                       0x08006bc4   Section        0  utf.o(i.utf8_check_first)
    i.utf8_check_full                        0x08006c00   Section        0  utf.o(i.utf8_check_full)
    i.utf8_encode                            0x08006c88   Section        0  utf.o(i.utf8_encode)
    .constdata                               0x08006d04   Section       24  system_stm32f4xx.o(.constdata)
    .constdata                               0x08006d20   Section       48  cos_i.o(.constdata)
    C                                        0x08006d20   Data          48  cos_i.o(.constdata)
    .constdata                               0x08006d50   Section      200  rred.o(.constdata)
    pio2s                                    0x08006d50   Data          48  rred.o(.constdata)
    twooverpi                                0x08006d80   Data         152  rred.o(.constdata)
    .constdata                               0x08006e18   Section       40  sin_i.o(.constdata)
    S                                        0x08006e18   Data          40  sin_i.o(.constdata)
    .constdata                               0x08006e40   Section      129  ctype_o.o(.constdata)
    .constdata                               0x08006ec4   Section        4  ctype_o.o(.constdata)
    table                                    0x08006ec4   Data           4  ctype_o.o(.constdata)
    .data                                    0x20000000   Section        4  botmotor.o(.data)
    .data                                    0x20000004   Section        4  motordriver.o(.data)
    PIcalculator                             0x20000004   Data           4  motordriver.o(.data)
    .data                                    0x20000008   Section       16  serialcontrolor.o(.data)
    .data                                    0x20000018   Section        1  main.o(.data)
    .data                                    0x2000001c   Section        4  stm32f4xx_it.o(.data)
    count                                    0x2000001c   Data           4  stm32f4xx_it.o(.data)
    .data                                    0x20000020   Section        9  stm32f4xx_hal.o(.data)
    .data                                    0x2000002c   Section        4  system_stm32f4xx.o(.data)
    .data                                    0x20000030   Section       24  value.o(.data)
    the_true                                 0x20000030   Data           8  value.o(.data)
    the_false                                0x20000038   Data           8  value.o(.data)
    the_null                                 0x20000040   Data           8  value.o(.data)
    .data                                    0x20000048   Section        8  memory.o(.data)
    do_malloc                                0x20000048   Data           4  memory.o(.data)
    do_free                                  0x2000004c   Data           4  memory.o(.data)
    .data                                    0x20000050   Section        4  hashtable_seed.o(.data)
    .data                                    0x20000054   Section        4  errno.o(.data)
    _errno                                   0x20000054   Data           4  errno.o(.data)
    .data                                    0x20000058   Section        4  mvars.o(.data)
    .data                                    0x2000005c   Section        4  mvars.o(.data)
    .bss                                     0x20000060   Section       32  botmotor.o(.bss)
    .bss                                     0x20000080   Section       16  motordriver.o(.bss)
    .bss                                     0x20000090   Section      856  main.o(.bss)
    .bss                                     0x200003e8   Section      128  stm32f4xx_it.o(.bss)
    HEAP                                     0x20000468   Section      512  startup_stm32f407xx.o(HEAP)
    STACK                                    0x20000668   Section     1024  startup_stm32f407xx.o(STACK)

    Global Symbols

    Symbol Name                              Value     Ov Type        Size  Object(Section)

    BuildAttributes$$THM_ISAv4$E$P$D$K$B$S$7EM$VFPi3$EXTD16$VFPS$VFMA$PE$A:L22UL41UL21$X:L11$S22US41US21$IEEE1$IW$USESV6$~STKCKD$USESV7$~SHL$OTIME$ROPI$IEEEX$EBA8$MICROLIB$REQ8$PRES8$EABIv2 0x00000000   Number         0  anon$$obj.o ABSOLUTE
    __ARM_use_no_argv                        0x00000000   Number         0  main.o ABSOLUTE
    _printf_a                                0x00000000   Number         0  stubs.o ABSOLUTE
    _printf_c                                0x00000000   Number         0  stubs.o ABSOLUTE
    _printf_charcount                        0x00000000   Number         0  stubs.o ABSOLUTE
    _printf_d                                0x00000000   Number         0  stubs.o ABSOLUTE
    _printf_e                                0x00000000   Number         0  stubs.o ABSOLUTE
    _printf_f                                0x00000000   Number         0  stubs.o ABSOLUTE
    _printf_flags                            0x00000000   Number         0  stubs.o ABSOLUTE
    _printf_fp_dec                           0x00000000   Number         0  stubs.o ABSOLUTE
    _printf_fp_hex                           0x00000000   Number         0  stubs.o ABSOLUTE
    _printf_g                                0x00000000   Number         0  stubs.o ABSOLUTE
    _printf_i                                0x00000000   Number         0  stubs.o ABSOLUTE
    _printf_int_dec                          0x00000000   Number         0  stubs.o ABSOLUTE
    _printf_l                                0x00000000   Number         0  stubs.o ABSOLUTE
    _printf_lc                               0x00000000   Number         0  stubs.o ABSOLUTE
    _printf_ll                               0x00000000   Number         0  stubs.o ABSOLUTE
    _printf_lld                              0x00000000   Number         0  stubs.o ABSOLUTE
    _printf_lli                              0x00000000   Number         0  stubs.o ABSOLUTE
    _printf_llo                              0x00000000   Number         0  stubs.o ABSOLUTE
    _printf_llu                              0x00000000   Number         0  stubs.o ABSOLUTE
    _printf_llx                              0x00000000   Number         0  stubs.o ABSOLUTE
    _printf_longlong_dec                     0x00000000   Number         0  stubs.o ABSOLUTE
    _printf_longlong_hex                     0x00000000   Number         0  stubs.o ABSOLUTE
    _printf_longlong_oct                     0x00000000   Number         0  stubs.o ABSOLUTE
    _printf_ls                               0x00000000   Number         0  stubs.o ABSOLUTE
    _printf_mbtowc                           0x00000000   Number         0  stubs.o ABSOLUTE
    _printf_n                                0x00000000   Number         0  stubs.o ABSOLUTE
    _printf_o                                0x00000000   Number         0  stubs.o ABSOLUTE
    _printf_p                                0x00000000   Number         0  stubs.o ABSOLUTE
    _printf_percent                          0x00000000   Number         0  stubs.o ABSOLUTE
    _printf_pre_padding                      0x00000000   Number         0  stubs.o ABSOLUTE
    _printf_return_value                     0x00000000   Number         0  stubs.o ABSOLUTE
    _printf_s                                0x00000000   Number         0  stubs.o ABSOLUTE
    _printf_sizespec                         0x00000000   Number         0  stubs.o ABSOLUTE
    _printf_str                              0x00000000   Number         0  stubs.o ABSOLUTE
    _printf_truncate_signed                  0x00000000   Number         0  stubs.o ABSOLUTE
    _printf_truncate_unsigned                0x00000000   Number         0  stubs.o ABSOLUTE
    _printf_u                                0x00000000   Number         0  stubs.o ABSOLUTE
    _printf_wc                               0x00000000   Number         0  stubs.o ABSOLUTE
    _printf_wctomb                           0x00000000   Number         0  stubs.o ABSOLUTE
    _printf_widthprec                        0x00000000   Number         0  stubs.o ABSOLUTE
    _printf_x                                0x00000000   Number         0  stubs.o ABSOLUTE
    __cpp_initialize__aeabi_                  - Undefined Weak Reference
    __cxa_finalize                            - Undefined Weak Reference
    __decompress                              - Undefined Weak Reference
    _clock_init                               - Undefined Weak Reference
    _microlib_exit                            - Undefined Weak Reference
    __Vectors_Size                           0x00000188   Number         0  startup_stm32f407xx.o ABSOLUTE
    __Vectors                                0x08000000   Data           4  startup_stm32f407xx.o(RESET)
    __Vectors_End                            0x08000188   Data           0  startup_stm32f407xx.o(RESET)
    __main                                   0x08000189   Thumb Code     0  entry.o(.ARM.Collect$$$$00000000)
    _main_stk                                0x08000189   Thumb Code     0  entry2.o(.ARM.Collect$$$$00000001)
    _main_scatterload                        0x0800018d   Thumb Code     0  entry5.o(.ARM.Collect$$$$00000004)
    __main_after_scatterload                 0x08000191   Thumb Code     0  entry5.o(.ARM.Collect$$$$00000004)
    _main_clock                              0x08000191   Thumb Code     0  entry7b.o(.ARM.Collect$$$$00000008)
    _main_cpp_init                           0x08000191   Thumb Code     0  entry8b.o(.ARM.Collect$$$$0000000A)
    _main_init                               0x08000191   Thumb Code     0  entry9a.o(.ARM.Collect$$$$0000000B)
    __rt_final_cpp                           0x08000199   Thumb Code     0  entry10a.o(.ARM.Collect$$$$0000000D)
    __rt_final_exit                          0x08000199   Thumb Code     0  entry11a.o(.ARM.Collect$$$$0000000F)
    Reset_Handler                            0x0800019d   Thumb Code     8  startup_stm32f407xx.o(.text)
    ADC_IRQHandler                           0x080001b7   Thumb Code     0  startup_stm32f407xx.o(.text)
    CAN1_RX0_IRQHandler                      0x080001b7   Thumb Code     0  startup_stm32f407xx.o(.text)
    CAN1_RX1_IRQHandler                      0x080001b7   Thumb Code     0  startup_stm32f407xx.o(.text)
    CAN1_SCE_IRQHandler                      0x080001b7   Thumb Code     0  startup_stm32f407xx.o(.text)
    CAN1_TX_IRQHandler                       0x080001b7   Thumb Code     0  startup_stm32f407xx.o(.text)
    CAN2_RX0_IRQHandler                      0x080001b7   Thumb Code     0  startup_stm32f407xx.o(.text)
    CAN2_RX1_IRQHandler                      0x080001b7   Thumb Code     0  startup_stm32f407xx.o(.text)
    CAN2_SCE_IRQHandler                      0x080001b7   Thumb Code     0  startup_stm32f407xx.o(.text)
    CAN2_TX_IRQHandler                       0x080001b7   Thumb Code     0  startup_stm32f407xx.o(.text)
    DCMI_IRQHandler                          0x080001b7   Thumb Code     0  startup_stm32f407xx.o(.text)
    DMA1_Stream0_IRQHandler                  0x080001b7   Thumb Code     0  startup_stm32f407xx.o(.text)
    DMA1_Stream1_IRQHandler                  0x080001b7   Thumb Code     0  startup_stm32f407xx.o(.text)
    DMA1_Stream2_IRQHandler                  0x080001b7   Thumb Code     0  startup_stm32f407xx.o(.text)
    DMA1_Stream3_IRQHandler                  0x080001b7   Thumb Code     0  startup_stm32f407xx.o(.text)
    DMA1_Stream4_IRQHandler                  0x080001b7   Thumb Code     0  startup_stm32f407xx.o(.text)
    DMA1_Stream5_IRQHandler                  0x080001b7   Thumb Code     0  startup_stm32f407xx.o(.text)
    DMA1_Stream6_IRQHandler                  0x080001b7   Thumb Code     0  startup_stm32f407xx.o(.text)
    DMA1_Stream7_IRQHandler                  0x080001b7   Thumb Code     0  startup_stm32f407xx.o(.text)
    DMA2_Stream0_IRQHandler                  0x080001b7   Thumb Code     0  startup_stm32f407xx.o(.text)
    DMA2_Stream1_IRQHandler                  0x080001b7   Thumb Code     0  startup_stm32f407xx.o(.text)
    DMA2_Stream2_IRQHandler                  0x080001b7   Thumb Code     0  startup_stm32f407xx.o(.text)
    DMA2_Stream3_IRQHandler                  0x080001b7   Thumb Code     0  startup_stm32f407xx.o(.text)
    DMA2_Stream4_IRQHandler                  0x080001b7   Thumb Code     0  startup_stm32f407xx.o(.text)
    DMA2_Stream5_IRQHandler                  0x080001b7   Thumb Code     0  startup_stm32f407xx.o(.text)
    DMA2_Stream6_IRQHandler                  0x080001b7   Thumb Code     0  startup_stm32f407xx.o(.text)
    DMA2_Stream7_IRQHandler                  0x080001b7   Thumb Code     0  startup_stm32f407xx.o(.text)
    ETH_IRQHandler                           0x080001b7   Thumb Code     0  startup_stm32f407xx.o(.text)
    ETH_WKUP_IRQHandler                      0x080001b7   Thumb Code     0  startup_stm32f407xx.o(.text)
    EXTI0_IRQHandler                         0x080001b7   Thumb Code     0  startup_stm32f407xx.o(.text)
    EXTI15_10_IRQHandler                     0x080001b7   Thumb Code     0  startup_stm32f407xx.o(.text)
    EXTI1_IRQHandler                         0x080001b7   Thumb Code     0  startup_stm32f407xx.o(.text)
    EXTI2_IRQHandler                         0x080001b7   Thumb Code     0  startup_stm32f407xx.o(.text)
    EXTI3_IRQHandler                         0x080001b7   Thumb Code     0  startup_stm32f407xx.o(.text)
    EXTI4_IRQHandler                         0x080001b7   Thumb Code     0  startup_stm32f407xx.o(.text)
    EXTI9_5_IRQHandler                       0x080001b7   Thumb Code     0  startup_stm32f407xx.o(.text)
    FLASH_IRQHandler                         0x080001b7   Thumb Code     0  startup_stm32f407xx.o(.text)
    FMC_IRQHandler                           0x080001b7   Thumb Code     0  startup_stm32f407xx.o(.text)
    FPU_IRQHandler                           0x080001b7   Thumb Code     0  startup_stm32f407xx.o(.text)
    HASH_RNG_IRQHandler                      0x080001b7   Thumb Code     0  startup_stm32f407xx.o(.text)
    I2C1_ER_IRQHandler                       0x080001b7   Thumb Code     0  startup_stm32f407xx.o(.text)
    I2C1_EV_IRQHandler                       0x080001b7   Thumb Code     0  startup_stm32f407xx.o(.text)
    I2C2_ER_IRQHandler                       0x080001b7   Thumb Code     0  startup_stm32f407xx.o(.text)
    I2C2_EV_IRQHandler                       0x080001b7   Thumb Code     0  startup_stm32f407xx.o(.text)
    I2C3_ER_IRQHandler                       0x080001b7   Thumb Code     0  startup_stm32f407xx.o(.text)
    I2C3_EV_IRQHandler                       0x080001b7   Thumb Code     0  startup_stm32f407xx.o(.text)
    OTG_FS_IRQHandler                        0x080001b7   Thumb Code     0  startup_stm32f407xx.o(.text)
    OTG_FS_WKUP_IRQHandler                   0x080001b7   Thumb Code     0  startup_stm32f407xx.o(.text)
    OTG_HS_EP1_IN_IRQHandler                 0x080001b7   Thumb Code     0  startup_stm32f407xx.o(.text)
    OTG_HS_EP1_OUT_IRQHandler                0x080001b7   Thumb Code     0  startup_stm32f407xx.o(.text)
    OTG_HS_IRQHandler                        0x080001b7   Thumb Code     0  startup_stm32f407xx.o(.text)
    OTG_HS_WKUP_IRQHandler                   0x080001b7   Thumb Code     0  startup_stm32f407xx.o(.text)
    PVD_IRQHandler                           0x080001b7   Thumb Code     0  startup_stm32f407xx.o(.text)
    RCC_IRQHandler                           0x080001b7   Thumb Code     0  startup_stm32f407xx.o(.text)
    RTC_Alarm_IRQHandler                     0x080001b7   Thumb Code     0  startup_stm32f407xx.o(.text)
    RTC_WKUP_IRQHandler                      0x080001b7   Thumb Code     0  startup_stm32f407xx.o(.text)
    SDIO_IRQHandler                          0x080001b7   Thumb Code     0  startup_stm32f407xx.o(.text)
    SPI1_IRQHandler                          0x080001b7   Thumb Code     0  startup_stm32f407xx.o(.text)
    SPI2_IRQHandler                          0x080001b7   Thumb Code     0  startup_stm32f407xx.o(.text)
    SPI3_IRQHandler                          0x080001b7   Thumb Code     0  startup_stm32f407xx.o(.text)
    TAMP_STAMP_IRQHandler                    0x080001b7   Thumb Code     0  startup_stm32f407xx.o(.text)
    TIM1_BRK_TIM9_IRQHandler                 0x080001b7   Thumb Code     0  startup_stm32f407xx.o(.text)
    TIM1_CC_IRQHandler                       0x080001b7   Thumb Code     0  startup_stm32f407xx.o(.text)
    TIM1_TRG_COM_TIM11_IRQHandler            0x080001b7   Thumb Code     0  startup_stm32f407xx.o(.text)
    TIM1_UP_TIM10_IRQHandler                 0x080001b7   Thumb Code     0  startup_stm32f407xx.o(.text)
    TIM2_IRQHandler                          0x080001b7   Thumb Code     0  startup_stm32f407xx.o(.text)
    TIM3_IRQHandler                          0x080001b7   Thumb Code     0  startup_stm32f407xx.o(.text)
    TIM4_IRQHandler                          0x080001b7   Thumb Code     0  startup_stm32f407xx.o(.text)
    TIM5_IRQHandler                          0x080001b7   Thumb Code     0  startup_stm32f407xx.o(.text)
    TIM6_DAC_IRQHandler                      0x080001b7   Thumb Code     0  startup_stm32f407xx.o(.text)
    TIM8_BRK_TIM12_IRQHandler                0x080001b7   Thumb Code     0  startup_stm32f407xx.o(.text)
    TIM8_CC_IRQHandler                       0x080001b7   Thumb Code     0  startup_stm32f407xx.o(.text)
    TIM8_TRG_COM_TIM14_IRQHandler            0x080001b7   Thumb Code     0  startup_stm32f407xx.o(.text)
    TIM8_UP_TIM13_IRQHandler                 0x080001b7   Thumb Code     0  startup_stm32f407xx.o(.text)
    UART4_IRQHandler                         0x080001b7   Thumb Code     0  startup_stm32f407xx.o(.text)
    UART5_IRQHandler                         0x080001b7   Thumb Code     0  startup_stm32f407xx.o(.text)
    USART2_IRQHandler                        0x080001b7   Thumb Code     0  startup_stm32f407xx.o(.text)
    USART3_IRQHandler                        0x080001b7   Thumb Code     0  startup_stm32f407xx.o(.text)
    USART6_IRQHandler                        0x080001b7   Thumb Code     0  startup_stm32f407xx.o(.text)
    WWDG_IRQHandler                          0x080001b7   Thumb Code     0  startup_stm32f407xx.o(.text)
    __aeabi_uidiv                            0x080001c1   Thumb Code     0  uidiv.o(.text)
    __aeabi_uidivmod                         0x080001c1   Thumb Code    44  uidiv.o(.text)
    __aeabi_uldivmod                         0x080001ed   Thumb Code    98  uldiv.o(.text)
    ___aeabi_memcpy8$move                    0x0800024f   Thumb Code     0  memmovea.o(.text)
    __aeabi_memcpy                           0x0800024f   Thumb Code    64  memmovea.o(.text)
    __aeabi_memcpy4                          0x0800024f   Thumb Code     0  memmovea.o(.text)
    __aeabi_memmove                          0x0800024f   Thumb Code     0  memmovea.o(.text)
    __aeabi_memmove4                         0x0800024f   Thumb Code     0  memmovea.o(.text)
    __aeabi_memmove8                         0x0800024f   Thumb Code     0  memmovea.o(.text)
    __aeabi_memset                           0x0800028f   Thumb Code    14  memseta.o(.text)
    __aeabi_memset4                          0x0800028f   Thumb Code     0  memseta.o(.text)
    __aeabi_memset8                          0x0800028f   Thumb Code     0  memseta.o(.text)
    __aeabi_memclr                           0x0800029d   Thumb Code     4  memseta.o(.text)
    __aeabi_memclr4                          0x0800029d   Thumb Code     0  memseta.o(.text)
    __aeabi_memclr8                          0x0800029d   Thumb Code     0  memseta.o(.text)
    _memset$wrapper                          0x080002a1   Thumb Code    18  memseta.o(.text)
    strlen                                   0x080002b3   Thumb Code    14  strlen.o(.text)
    strcmp                                   0x080002c1   Thumb Code    28  strcmp.o(.text)
    memchr                                   0x080002dd   Thumb Code    20  memchr.o(.text)
    strcpy                                   0x080002f1   Thumb Code    18  strcpy.o(.text)
    strtoll                                  0x08000303   Thumb Code     4  strtoll.o(.text)
    __aeabi_dmul                             0x08000307   Thumb Code   228  dmul.o(.text)
    __aeabi_ddiv                             0x080003eb   Thumb Code   222  ddiv.o(.text)
    __aeabi_f2d                              0x080004c9   Thumb Code    38  f2d.o(.text)
    __aeabi_cdcmpeq                          0x080004f1   Thumb Code     0  cdcmple.o(.text)
    __aeabi_cdcmple                          0x080004f1   Thumb Code    48  cdcmple.o(.text)
    __aeabi_d2f                              0x08000521   Thumb Code    56  d2f.o(.text)
    __aeabi_llsl                             0x08000559   Thumb Code    30  llshl.o(.text)
    _ll_shift_l                              0x08000559   Thumb Code     0  llshl.o(.text)
    __aeabi_llsr                             0x08000577   Thumb Code    32  llushr.o(.text)
    _ll_ushift_r                             0x08000577   Thumb Code     0  llushr.o(.text)
    __strtod_int                             0x080005cf   Thumb Code    90  strtod.o(.text)
    __strtoll                                0x08000635   Thumb Code   144  __strtoll.o(.text)
    __I$use$fp                               0x080006c5   Thumb Code     0  iusefp.o(.text)
    _float_round                             0x080006c5   Thumb Code    18  fepilogue.o(.text)
    _float_epilogue                          0x080006d7   Thumb Code    92  fepilogue.o(.text)
    _double_round                            0x08000733   Thumb Code    30  depilogue.o(.text)
    _double_epilogue                         0x08000751   Thumb Code   156  depilogue.o(.text)
    __aeabi_dadd                             0x080007ed   Thumb Code   322  dadd.o(.text)
    __aeabi_dsub                             0x0800092f   Thumb Code     6  dadd.o(.text)
    __aeabi_drsub                            0x08000935   Thumb Code     6  dadd.o(.text)
    __aeabi_d2ulz                            0x0800093b   Thumb Code    48  dfixul.o(.text)
    __aeabi_cdrcmple                         0x0800096d   Thumb Code    48  cdrcmple.o(.text)
    __scatterload                            0x0800099d   Thumb Code    28  init.o(.text)
    __scatterload_rt2                        0x0800099d   Thumb Code     0  init.o(.text)
    __aeabi_lasr                             0x080009c1   Thumb Code    36  llsshr.o(.text)
    _ll_sshift_r                             0x080009c1   Thumb Code     0  llsshr.o(.text)
    __rt_ctype_table                         0x080009e5   Thumb Code     4  ctype_o.o(.text)
    isspace                                  0x080009ed   Thumb Code    18  isspace_o.o(.text)
    _scanf_real                              0x08000b01   Thumb Code     0  scanf_fp.o(.text)
    _scanf_really_real                       0x08000b01   Thumb Code   556  scanf_fp.o(.text)
    _sgetc                                   0x08000d39   Thumb Code    30  _sgetc.o(.text)
    _sbackspace                              0x08000d57   Thumb Code    34  _sgetc.o(.text)
    _strtoull                                0x08000d79   Thumb Code   194  _strtoull.o(.text)
    __aeabi_i2d                              0x08000e3b   Thumb Code    34  dflti.o(.text)
    __aeabi_ui2d                             0x08000e5d   Thumb Code    26  dfltui.o(.text)
    __aeabi_d2iz                             0x08000e77   Thumb Code    62  dfixi.o(.text)
    _chval                                   0x08000eb5   Thumb Code    28  _chval.o(.text)
    __aeabi_ul2d                             0x08000ed1   Thumb Code    24  dfltul.o(.text)
    BusFault_Handler                         0x08000ee9   Thumb Code     4  stm32f4xx_it.o(i.BusFault_Handler)
    DebugMon_Handler                         0x08000eed   Thumb Code     2  stm32f4xx_it.o(i.DebugMon_Handler)
    Error_Handler                            0x08000eef   Thumb Code     2  main.o(i.Error_Handler)
    HAL_DMA_Abort_IT                         0x08000ef1   Thumb Code    40  stm32f4xx_hal_dma.o(i.HAL_DMA_Abort_IT)
    HAL_Delay                                0x08000f19   Thumb Code    36  stm32f4xx_hal.o(i.HAL_Delay)
    HAL_GPIO_Init                            0x08000f41   Thumb Code   466  stm32f4xx_hal_gpio.o(i.HAL_GPIO_Init)
    HAL_GPIO_WritePin                        0x08001141   Thumb Code    12  stm32f4xx_hal_gpio.o(i.HAL_GPIO_WritePin)
    HAL_GetTick                              0x0800114d   Thumb Code     6  stm32f4xx_hal.o(i.HAL_GetTick)
    HAL_IncTick                              0x08001159   Thumb Code    16  stm32f4xx_hal.o(i.HAL_IncTick)
    HAL_Init                                 0x08001171   Thumb Code    54  stm32f4xx_hal.o(i.HAL_Init)
    HAL_InitTick                             0x080011ad   Thumb Code    64  stm32f4xx_hal.o(i.HAL_InitTick)
    HAL_MspInit                              0x080011f9   Thumb Code    68  stm32f4xx_hal_msp.o(i.HAL_MspInit)
    HAL_NVIC_EnableIRQ                       0x08001241   Thumb Code    32  stm32f4xx_hal_cortex.o(i.HAL_NVIC_EnableIRQ)
    HAL_NVIC_SetPriority                     0x08001261   Thumb Code   124  stm32f4xx_hal_cortex.o(i.HAL_NVIC_SetPriority)
    HAL_NVIC_SetPriorityGrouping             0x080012dd   Thumb Code    32  stm32f4xx_hal_cortex.o(i.HAL_NVIC_SetPriorityGrouping)
    HAL_RCC_ClockConfig                      0x08001305   Thumb Code   368  stm32f4xx_hal_rcc.o(i.HAL_RCC_ClockConfig)
    HAL_RCC_GetHCLKFreq                      0x08001489   Thumb Code     6  stm32f4xx_hal_rcc.o(i.HAL_RCC_GetHCLKFreq)
    HAL_RCC_GetPCLK1Freq                     0x08001495   Thumb Code    22  stm32f4xx_hal_rcc.o(i.HAL_RCC_GetPCLK1Freq)
    HAL_RCC_GetPCLK2Freq                     0x080014b5   Thumb Code    22  stm32f4xx_hal_rcc.o(i.HAL_RCC_GetPCLK2Freq)
    HAL_RCC_GetSysClockFreq                  0x080014d5   Thumb Code   162  stm32f4xx_hal_rcc.o(i.HAL_RCC_GetSysClockFreq)
    HAL_RCC_OscConfig                        0x08001585   Thumb Code  1152  stm32f4xx_hal_rcc.o(i.HAL_RCC_OscConfig)
    HAL_SPI_Init                             0x08001a0d   Thumb Code   140  stm32f4xx_hal_spi.o(i.HAL_SPI_Init)
    HAL_SPI_MspInit                          0x08001a99   Thumb Code   180  stm32f4xx_hal_msp.o(i.HAL_SPI_MspInit)
    HAL_SYSTICK_Config                       0x08001b5d   Thumb Code    52  stm32f4xx_hal_cortex.o(i.HAL_SYSTICK_Config)
    HAL_TIMEx_BreakCallback                  0x08001b91   Thumb Code     2  stm32f4xx_hal_tim_ex.o(i.HAL_TIMEx_BreakCallback)
    HAL_TIMEx_CommutCallback                 0x08001b93   Thumb Code     2  stm32f4xx_hal_tim_ex.o(i.HAL_TIMEx_CommutCallback)
    HAL_TIMEx_ConfigBreakDeadTime            0x08001b95   Thumb Code   116  stm32f4xx_hal_tim_ex.o(i.HAL_TIMEx_ConfigBreakDeadTime)
    HAL_TIMEx_MasterConfigSynchronization    0x08001c09   Thumb Code   150  stm32f4xx_hal_tim_ex.o(i.HAL_TIMEx_MasterConfigSynchronization)
    HAL_TIM_Base_Init                        0x08001cbd   Thumb Code    52  stm32f4xx_hal_tim.o(i.HAL_TIM_Base_Init)
    HAL_TIM_Base_MspInit                     0x08001cf1   Thumb Code   194  stm32f4xx_hal_msp.o(i.HAL_TIM_Base_MspInit)
    HAL_TIM_ConfigClockSource                0x08001dc5   Thumb Code   264  stm32f4xx_hal_tim.o(i.HAL_TIM_ConfigClockSource)
    HAL_TIM_Encoder_Init                     0x08001ecd   Thumb Code   174  stm32f4xx_hal_tim.o(i.HAL_TIM_Encoder_Init)
    HAL_TIM_Encoder_MspInit                  0x08001f7d   Thumb Code   438  stm32f4xx_hal_msp.o(i.HAL_TIM_Encoder_MspInit)
    HAL_TIM_Encoder_Start                    0x08002155   Thumb Code    78  stm32f4xx_hal_tim.o(i.HAL_TIM_Encoder_Start)
    HAL_TIM_IC_CaptureCallback               0x080021a3   Thumb Code     2  stm32f4xx_hal_tim.o(i.HAL_TIM_IC_CaptureCallback)
    HAL_TIM_IRQHandler                       0x080021a5   Thumb Code   406  stm32f4xx_hal_tim.o(i.HAL_TIM_IRQHandler)
    HAL_TIM_MspPostInit                      0x0800233d   Thumb Code    86  stm32f4xx_hal_msp.o(i.HAL_TIM_MspPostInit)
    HAL_TIM_OC_DelayElapsedCallback          0x080023a1   Thumb Code     2  stm32f4xx_hal_tim.o(i.HAL_TIM_OC_DelayElapsedCallback)
    HAL_TIM_PWM_ConfigChannel                0x080023a3   Thumb Code   264  stm32f4xx_hal_tim.o(i.HAL_TIM_PWM_ConfigChannel)
    HAL_TIM_PWM_Init                         0x080024ab   Thumb Code    52  stm32f4xx_hal_tim.o(i.HAL_TIM_PWM_Init)
    HAL_TIM_PWM_MspInit                      0x080024df   Thumb Code     2  stm32f4xx_hal_tim.o(i.HAL_TIM_PWM_MspInit)
    HAL_TIM_PWM_PulseFinishedCallback        0x080024e1   Thumb Code     2  stm32f4xx_hal_tim.o(i.HAL_TIM_PWM_PulseFinishedCallback)
    HAL_TIM_PWM_Start                        0x080024e5   Thumb Code    80  stm32f4xx_hal_tim.o(i.HAL_TIM_PWM_Start)
    HAL_TIM_PeriodElapsedCallback            0x0800253d   Thumb Code     2  stm32f4xx_hal_tim.o(i.HAL_TIM_PeriodElapsedCallback)
    HAL_TIM_TriggerCallback                  0x0800253f   Thumb Code     2  stm32f4xx_hal_tim.o(i.HAL_TIM_TriggerCallback)
    HAL_UART_ErrorCallback                   0x08002541   Thumb Code     2  stm32f4xx_hal_uart.o(i.HAL_UART_ErrorCallback)
    HAL_UART_IRQHandler                      0x08002545   Thumb Code   336  stm32f4xx_hal_uart.o(i.HAL_UART_IRQHandler)
    HAL_UART_Init                            0x08002699   Thumb Code   114  stm32f4xx_hal_uart.o(i.HAL_UART_Init)
    HAL_UART_MspInit                         0x0800270d   Thumb Code   466  stm32f4xx_hal_msp.o(i.HAL_UART_MspInit)
    HAL_UART_Receive_IT                      0x08002901   Thumb Code   112  stm32f4xx_hal_uart.o(i.HAL_UART_Receive_IT)
    HAL_UART_RxCpltCallback                  0x08002971   Thumb Code     2  stm32f4xx_hal_uart.o(i.HAL_UART_RxCpltCallback)
    HAL_UART_TxCpltCallback                  0x08002973   Thumb Code     2  stm32f4xx_hal_uart.o(i.HAL_UART_TxCpltCallback)
    HardFault_Handler                        0x08002975   Thumb Code     4  stm32f4xx_it.o(i.HardFault_Handler)
    MemManage_Handler                        0x08002fd1   Thumb Code     4  stm32f4xx_it.o(i.MemManage_Handler)
    NMI_Handler                              0x08002fd5   Thumb Code     2  stm32f4xx_it.o(i.NMI_Handler)
    PendSV_Handler                           0x08002fd7   Thumb Code     2  stm32f4xx_it.o(i.PendSV_Handler)
    SVC_Handler                              0x08002fd9   Thumb Code     2  stm32f4xx_it.o(i.SVC_Handler)
    SysTick_Handler                          0x08002fdb   Thumb Code     8  stm32f4xx_it.o(i.SysTick_Handler)
    SystemClock_Config                       0x08002fe5   Thumb Code   168  main.o(i.SystemClock_Config)
    SystemInit                               0x08003095   Thumb Code    82  system_stm32f4xx.o(i.SystemInit)
    TIM7_IRQHandler                          0x080030f9   Thumb Code    10  stm32f4xx_it.o(i.TIM7_IRQHandler)
    TIMMotorDriverHander                     0x08003109   Thumb Code   358  motordriver.o(i.TIMMotorDriverHander)
    TIMSampleHander                          0x0800328d   Thumb Code   204  botmotor.o(i.TIMSampleHander)
    TIM_Base_SetConfig                       0x08003371   Thumb Code   170  stm32f4xx_hal_tim.o(i.TIM_Base_SetConfig)
    TIM_CCxChannelCmd                        0x08003449   Thumb Code    34  stm32f4xx_hal_tim.o(i.TIM_CCxChannelCmd)
    TIM_ETR_SetConfig                        0x0800346b   Thumb Code    22  stm32f4xx_hal_tim.o(i.TIM_ETR_SetConfig)
    TIM_OC2_SetConfig                        0x08003505   Thumb Code   114  stm32f4xx_hal_tim.o(i.TIM_OC2_SetConfig)
    USART1_IRQHandler                        0x08003be5   Thumb Code    92  stm32f4xx_it.o(i.USART1_IRQHandler)
    UsageFault_Handler                       0x08003c51   Thumb Code     4  stm32f4xx_it.o(i.UsageFault_Handler)
    __0snprintf                              0x08003c55   Thumb Code    44  printfa.o(i.__0snprintf)
    __1snprintf                              0x08003c55   Thumb Code     0  printfa.o(i.__0snprintf)
    __2snprintf                              0x08003c55   Thumb Code     0  printfa.o(i.__0snprintf)
    __c89snprintf                            0x08003c55   Thumb Code     0  printfa.o(i.__0snprintf)
    snprintf                                 0x08003c55   Thumb Code     0  printfa.o(i.__0snprintf)
    __0vsnprintf                             0x08003c85   Thumb Code    40  printfa.o(i.__0vsnprintf)
    __1vsnprintf                             0x08003c85   Thumb Code     0  printfa.o(i.__0vsnprintf)
    __2vsnprintf                             0x08003c85   Thumb Code     0  printfa.o(i.__0vsnprintf)
    __c89vsnprintf                           0x08003c85   Thumb Code     0  printfa.o(i.__0vsnprintf)
    vsnprintf                                0x08003c85   Thumb Code     0  printfa.o(i.__0vsnprintf)
    __ARM_common_switch8                     0x08003cb1   Thumb Code    26  hashtable.o(i.__ARM_common_switch8)
    __ARM_fpclassify                         0x08003ccb   Thumb Code    48  fpclassify.o(i.__ARM_fpclassify)
    __ARM_isinf                              0x08003cfb   Thumb Code    22  value.o(i.__ARM_isinf)
    __ARM_isnan                              0x08003d11   Thumb Code    20  value.o(i.__ARM_isnan)
    __aeabi_errno_addr                       0x08003d61   Thumb Code     4  errno.o(i.__aeabi_errno_addr)
    __rt_errno_addr                          0x08003d61   Thumb Code     0  errno.o(i.__aeabi_errno_addr)
    __hardfp_cos                             0x08003d69   Thumb Code   180  cos.o(i.__hardfp_cos)
    __hardfp_sin                             0x08003e31   Thumb Code   180  sin.o(i.__hardfp_sin)
    __ieee754_rem_pio2                       0x08003ef9   Thumb Code   938  rred.o(i.__ieee754_rem_pio2)
    __kernel_cos                             0x08004331   Thumb Code   322  cos_i.o(i.__kernel_cos)
    __kernel_poly                            0x080044a1   Thumb Code   248  poly.o(i.__kernel_poly)
    __kernel_sin                             0x08004599   Thumb Code   280  sin_i.o(i.__kernel_sin)
    __mathlib_dbl_infnan                     0x080046c9   Thumb Code    20  dunder.o(i.__mathlib_dbl_infnan)
    __mathlib_dbl_invalid                    0x080046e1   Thumb Code    24  dunder.o(i.__mathlib_dbl_invalid)
    __mathlib_dbl_underflow                  0x08004701   Thumb Code    24  dunder.o(i.__mathlib_dbl_underflow)
    __scatterload_copy                       0x08004721   Thumb Code    14  handlers.o(i.__scatterload_copy)
    __scatterload_null                       0x0800472f   Thumb Code     2  handlers.o(i.__scatterload_null)
    __scatterload_zeroinit                   0x08004731   Thumb Code    14  handlers.o(i.__scatterload_zeroinit)
    __set_errno                              0x08004741   Thumb Code     6  errno.o(i.__set_errno)
    _is_digit                                0x080048d1   Thumb Code    14  scanf_fp.o(i._is_digit)
    fabs                                     0x08005161   Thumb Code    24  fabs.o(i.fabs)
    free                                     0x08005179   Thumb Code    76  malloc.o(i.free)
    getResults_PICalculator                  0x080051c9   Thumb Code   160  picalculator.o(i.getResults_PICalculator)
    getSampleSpeed_BotMotor                  0x08005269   Thumb Code    22  botmotor.o(i.getSampleSpeed_BotMotor)
    getTargetSpeed_BotMotor                  0x0800527f   Thumb Code    20  botmotor.o(i.getTargetSpeed_BotMotor)
    hashtable_close                          0x080053d9   Thumb Code    16  hashtable.o(i.hashtable_close)
    hashtable_get                            0x080054bd   Thumb Code    58  hashtable.o(i.hashtable_get)
    hashtable_init                           0x080054fd   Thumb Code    72  hashtable.o(i.hashtable_init)
    hashtable_set                            0x08005545   Thumb Code   168  hashtable.o(i.hashtable_set)
    init_PICalculator                        0x080055f1   Thumb Code    58  picalculator.o(i.init_PICalculator)
    json_array                               0x08005655   Thumb Code    54  value.o(i.json_array)
    json_array_append_new                    0x0800568d   Thumb Code    68  value.o(i.json_array_append_new)
    json_delete                              0x08005769   Thumb Code    84  value.o(i.json_delete)
    json_false                               0x080057bd   Thumb Code     4  value.o(i.json_false)
    json_integer                             0x080057d5   Thumb Code    28  value.o(i.json_integer)
    json_loads                               0x080057f1   Thumb Code    82  load.o(i.json_loads)
    json_null                                0x08005865   Thumb Code     4  value.o(i.json_null)
    json_object                              0x0800586d   Thumb Code    70  value.o(i.json_object)
    json_object_get                          0x080058b9   Thumb Code    28  value.o(i.json_object_get)
    json_object_seed                         0x080058d5   Thumb Code    34  hashtable_seed.o(i.json_object_seed)
    json_object_set_new_nocheck              0x080058fd   Thumb Code    58  value.o(i.json_object_set_new_nocheck)
    json_real                                0x0800593d   Thumb Code    52  value.o(i.json_real)
    json_real_value                          0x08005971   Thumb Code    24  value.o(i.json_real_value)
    json_string_value                        0x08005989   Thumb Code    18  value.o(i.json_string_value)
    json_true                                0x0800599d   Thumb Code     4  value.o(i.json_true)
    jsonp_error_init                         0x080059a5   Thumb Code    34  error.o(i.jsonp_error_init)
    jsonp_error_set                          0x080059c7   Thumb Code    16  error.o(i.jsonp_error_set)
    jsonp_error_set_source                   0x080059d9   Thumb Code    56  error.o(i.jsonp_error_set_source)
    jsonp_error_vset                         0x08005a15   Thumb Code    44  error.o(i.jsonp_error_vset)
    jsonp_free                               0x08005a41   Thumb Code    12  memory.o(i.jsonp_free)
    jsonp_malloc                             0x08005a51   Thumb Code    12  memory.o(i.jsonp_malloc)
    jsonp_stringn_nocheck_own                0x08005a61   Thumb Code    10  value.o(i.jsonp_stringn_nocheck_own)
    jsonp_strndup                            0x08005a6b   Thumb Code    36  memory.o(i.jsonp_strndup)
    jsonp_strtod                             0x08005a91   Thumb Code    90  strconv.o(i.jsonp_strtod)
    main                                     0x08006105   Thumb Code   186  main.o(i.main)
    malloc                                   0x080061e5   Thumb Code    92  malloc.o(i.malloc)
    rotate                                   0x08006639   Thumb Code    84  serialcontrolor.o(i.rotate)
    seed_from_timestamp_and_pid              0x08006691   Thumb Code     6  jansson_config.o(i.seed_from_timestamp_and_pid)
    serialInfoHander                         0x08006699   Thumb Code   240  serialcontrolor.o(i.serialInfoHander)
    setTargetSpeed_BotMotor                  0x080067d1   Thumb Code    20  botmotor.o(i.setTargetSpeed_BotMotor)
    strbuffer_append_byte                    0x080067e5   Thumb Code    12  strbuffer.o(i.strbuffer_append_byte)
    strbuffer_append_bytes                   0x080067f1   Thumb Code   108  strbuffer.o(i.strbuffer_append_bytes)
    strbuffer_clear                          0x08006861   Thumb Code    10  strbuffer.o(i.strbuffer_clear)
    strbuffer_close                          0x0800686b   Thumb Code    24  strbuffer.o(i.strbuffer_close)
    strbuffer_init                           0x08006883   Thumb Code    34  strbuffer.o(i.strbuffer_init)
    strbuffer_pop                            0x080068a5   Thumb Code    24  strbuffer.o(i.strbuffer_pop)
    strbuffer_value                          0x080068bd   Thumb Code     4  strbuffer.o(i.strbuffer_value)
    strtod                                   0x08006a49   Thumb Code    34  strtod.o(i.strtod)
    translation                              0x08006a79   Thumb Code   302  serialcontrolor.o(i.translation)
    utf8_check_first                         0x08006bc5   Thumb Code    60  utf.o(i.utf8_check_first)
    utf8_check_full                          0x08006c01   Thumb Code   126  utf.o(i.utf8_check_full)
    utf8_encode                              0x08006c89   Thumb Code   120  utf.o(i.utf8_encode)
    AHBPrescTable                            0x08006d04   Data          16  system_stm32f4xx.o(.constdata)
    APBPrescTable                            0x08006d14   Data           8  system_stm32f4xx.o(.constdata)
    __ctype_table                            0x08006e40   Data         129  ctype_o.o(.constdata)
    Region$$Table$$Base                      0x08006ec8   Number         0  anon$$obj.o(Region$$Table)
    Region$$Table$$Limit                     0x08006ee8   Number         0  anon$$obj.o(Region$$Table)
    BOTMOTOR                                 0x20000000   Data           4  botmotor.o(.data)
    AXE_LEN                                  0x20000008   Data           4  serialcontrolor.o(.data)
    THROTTLE                                 0x2000000c   Data           4  serialcontrolor.o(.data)
    DIRECTION                                0x20000010   Data           4  serialcontrolor.o(.data)
    MOVEMODE                                 0x20000014   Data           4  serialcontrolor.o(.data)
    usartRVBuff                              0x20000018   Data           1  main.o(.data)
    uwTick                                   0x20000020   Data           4  stm32f4xx_hal.o(.data)
    uwTickPrio                               0x20000024   Data           4  stm32f4xx_hal.o(.data)
    uwTickFreq                               0x20000028   Data           1  stm32f4xx_hal.o(.data)
    SystemCoreClock                          0x2000002c   Data           4  system_stm32f4xx.o(.data)
    hashtable_seed                           0x20000050   Data           4  hashtable_seed.o(.data)
    __microlib_freelist                      0x20000058   Data           4  mvars.o(.data)
    __microlib_freelist_initialised          0x2000005c   Data           4  mvars.o(.data)
    IMPBOTMOTOR                              0x20000060   Data          32  botmotor.o(.bss)
    speedStrength                            0x20000080   Data          16  motordriver.o(.bss)
    hspi1                                    0x20000090   Data          88  main.o(.bss)
    htim1                                    0x200000e8   Data          64  main.o(.bss)
    htim2                                    0x20000128   Data          64  main.o(.bss)
    htim3                                    0x20000168   Data          64  main.o(.bss)
    htim4                                    0x200001a8   Data          64  main.o(.bss)
    htim5                                    0x200001e8   Data          64  main.o(.bss)
    htim6                                    0x20000228   Data          64  main.o(.bss)
    htim7                                    0x20000268   Data          64  main.o(.bss)
    htim8                                    0x200002a8   Data          64  main.o(.bss)
    huart4                                   0x200002e8   Data          64  main.o(.bss)
    huart1                                   0x20000328   Data          64  main.o(.bss)
    huart2                                   0x20000368   Data          64  main.o(.bss)
    huart3                                   0x200003a8   Data          64  main.o(.bss)
    info                                     0x200003e8   Data         128  stm32f4xx_it.o(.bss)
    __heap_base                              0x20000468   Data           0  startup_stm32f407xx.o(HEAP)
    __heap_limit                             0x20000668   Data           0  startup_stm32f407xx.o(HEAP)
    __initial_sp                             0x20000a68   Data           0  startup_stm32f407xx.o(STACK)



==============================================================================

Memory Map of the image

  Image Entry point : 0x08000189

  Load Region LR_IROM1 (Base: 0x08000000, Size: 0x00006f48, Max: 0x00100000, ABSOLUTE)

    Execution Region ER_IROM1 (Base: 0x08000000, Size: 0x00006ee8, Max: 0x00100000, ABSOLUTE)

    Base Addr    Size         Type   Attr      Idx    E Section Name        Object

    0x08000000   0x00000188   Data   RO            3    RESET               startup_stm32f407xx.o
    0x08000188   0x00000000   Code   RO         4483  * .ARM.Collect$$$$00000000  mc_w.l(entry.o)
    0x08000188   0x00000004   Code   RO         4870    .ARM.Collect$$$$00000001  mc_w.l(entry2.o)
    0x0800018c   0x00000004   Code   RO         4873    .ARM.Collect$$$$00000004  mc_w.l(entry5.o)
    0x08000190   0x00000000   Code   RO         4875    .ARM.Collect$$$$00000008  mc_w.l(entry7b.o)
    0x08000190   0x00000000   Code   RO         4877    .ARM.Collect$$$$0000000A  mc_w.l(entry8b.o)
    0x08000190   0x00000008   Code   RO         4878    .ARM.Collect$$$$0000000B  mc_w.l(entry9a.o)
    0x08000198   0x00000000   Code   RO         4880    .ARM.Collect$$$$0000000D  mc_w.l(entry10a.o)
    0x08000198   0x00000000   Code   RO         4882    .ARM.Collect$$$$0000000F  mc_w.l(entry11a.o)
    0x08000198   0x00000004   Code   RO         4871    .ARM.Collect$$$$00002712  mc_w.l(entry2.o)
    0x0800019c   0x00000024   Code   RO            4    .text               startup_stm32f407xx.o
    0x080001c0   0x0000002c   Code   RO         4502    .text               mc_w.l(uidiv.o)
    0x080001ec   0x00000062   Code   RO         4504    .text               mc_w.l(uldiv.o)
    0x0800024e   0x00000040   Code   RO         4510    .text               mc_w.l(memmovea.o)
    0x0800028e   0x00000024   Code   RO         4512    .text               mc_w.l(memseta.o)
    0x080002b2   0x0000000e   Code   RO         4516    .text               mc_w.l(strlen.o)
    0x080002c0   0x0000001c   Code   RO         4518    .text               mc_w.l(strcmp.o)
    0x080002dc   0x00000014   Code   RO         4520    .text               mc_w.l(memchr.o)
    0x080002f0   0x00000012   Code   RO         4524    .text               mc_w.l(strcpy.o)
    0x08000302   0x00000004   Code   RO         4828    .text               mc_w.l(strtoll.o)
    0x08000306   0x000000e4   Code   RO         4830    .text               mf_w.l(dmul.o)
    0x080003ea   0x000000de   Code   RO         4832    .text               mf_w.l(ddiv.o)
    0x080004c8   0x00000026   Code   RO         4836    .text               mf_w.l(f2d.o)
    0x080004ee   0x00000002   PAD
    0x080004f0   0x00000030   Code   RO         4838    .text               mf_w.l(cdcmple.o)
    0x08000520   0x00000038   Code   RO         4840    .text               mf_w.l(d2f.o)
    0x08000558   0x0000001e   Code   RO         4888    .text               mc_w.l(llshl.o)
    0x08000576   0x00000020   Code   RO         4890    .text               mc_w.l(llushr.o)
    0x08000596   0x00000002   PAD
    0x08000598   0x0000009c   Code   RO         4894    .text               mc_w.l(strtod.o)
    0x08000634   0x00000090   Code   RO         4896    .text               mc_w.l(__strtoll.o)
    0x080006c4   0x00000000   Code   RO         4898    .text               mc_w.l(iusefp.o)
    0x080006c4   0x0000006e   Code   RO         4900    .text               mf_w.l(fepilogue.o)
    0x08000732   0x000000ba   Code   RO         4902    .text               mf_w.l(depilogue.o)
    0x080007ec   0x0000014e   Code   RO         4904    .text               mf_w.l(dadd.o)
    0x0800093a   0x00000030   Code   RO         4908    .text               mf_w.l(dfixul.o)
    0x0800096a   0x00000002   PAD
    0x0800096c   0x00000030   Code   RO         4910    .text               mf_w.l(cdrcmple.o)
    0x0800099c   0x00000024   Code   RO         4922    .text               mc_w.l(init.o)
    0x080009c0   0x00000024   Code   RO         4924    .text               mc_w.l(llsshr.o)
    0x080009e4   0x00000008   Code   RO         4928    .text               mc_w.l(ctype_o.o)
    0x080009ec   0x00000012   Code   RO         4950    .text               mc_w.l(isspace_o.o)
    0x080009fe   0x00000002   PAD
    0x08000a00   0x00000338   Code   RO         4956    .text               mc_w.l(scanf_fp.o)
    0x08000d38   0x00000040   Code   RO         4960    .text               mc_w.l(_sgetc.o)
    0x08000d78   0x000000c2   Code   RO         4962    .text               mc_w.l(_strtoull.o)
    0x08000e3a   0x00000022   Code   RO         4965    .text               mf_w.l(dflti.o)
    0x08000e5c   0x0000001a   Code   RO         4967    .text               mf_w.l(dfltui.o)
    0x08000e76   0x0000003e   Code   RO         4969    .text               mf_w.l(dfixi.o)
    0x08000eb4   0x0000001c   Code   RO         4974    .text               mc_w.l(_chval.o)
    0x08000ed0   0x00000018   Code   RO         4976    .text               mf_w.l(dfltul.o)
    0x08000ee8   0x00000004   Code   RO          421    i.BusFault_Handler  stm32f4xx_it.o
    0x08000eec   0x00000002   Code   RO          422    i.DebugMon_Handler  stm32f4xx_it.o
    0x08000eee   0x00000002   Code   RO          305    i.Error_Handler     main.o
    0x08000ef0   0x00000028   Code   RO         2690    i.HAL_DMA_Abort_IT  stm32f4xx_hal_dma.o
    0x08000f18   0x00000028   Code   RO         3113    i.HAL_Delay         stm32f4xx_hal.o
    0x08000f40   0x00000200   Code   RO         2582    i.HAL_GPIO_Init     stm32f4xx_hal_gpio.o
    0x08001140   0x0000000c   Code   RO         2586    i.HAL_GPIO_WritePin  stm32f4xx_hal_gpio.o
    0x0800114c   0x0000000c   Code   RO         3119    i.HAL_GetTick       stm32f4xx_hal.o
    0x08001158   0x00000018   Code   RO         3125    i.HAL_IncTick       stm32f4xx_hal.o
    0x08001170   0x0000003c   Code   RO         3126    i.HAL_Init          stm32f4xx_hal.o
    0x080011ac   0x0000004c   Code   RO         3127    i.HAL_InitTick      stm32f4xx_hal.o
    0x080011f8   0x00000048   Code   RO          512    i.HAL_MspInit       stm32f4xx_hal_msp.o
    0x08001240   0x00000020   Code   RO         2971    i.HAL_NVIC_EnableIRQ  stm32f4xx_hal_cortex.o
    0x08001260   0x0000007c   Code   RO         2977    i.HAL_NVIC_SetPriority  stm32f4xx_hal_cortex.o
    0x080012dc   0x00000028   Code   RO         2978    i.HAL_NVIC_SetPriorityGrouping  stm32f4xx_hal_cortex.o
    0x08001304   0x00000184   Code   RO         2183    i.HAL_RCC_ClockConfig  stm32f4xx_hal_rcc.o
    0x08001488   0x0000000c   Code   RO         2188    i.HAL_RCC_GetHCLKFreq  stm32f4xx_hal_rcc.o
    0x08001494   0x00000020   Code   RO         2190    i.HAL_RCC_GetPCLK1Freq  stm32f4xx_hal_rcc.o
    0x080014b4   0x00000020   Code   RO         2191    i.HAL_RCC_GetPCLK2Freq  stm32f4xx_hal_rcc.o
    0x080014d4   0x000000b0   Code   RO         2192    i.HAL_RCC_GetSysClockFreq  stm32f4xx_hal_rcc.o
    0x08001584   0x00000488   Code   RO         2195    i.HAL_RCC_OscConfig  stm32f4xx_hal_rcc.o
    0x08001a0c   0x0000008c   Code   RO          601    i.HAL_SPI_Init      stm32f4xx_hal_spi.o
    0x08001a98   0x000000c4   Code   RO          514    i.HAL_SPI_MspInit   stm32f4xx_hal_msp.o
    0x08001b5c   0x00000034   Code   RO         2982    i.HAL_SYSTICK_Config  stm32f4xx_hal_cortex.o
    0x08001b90   0x00000002   Code   RO         1600    i.HAL_TIMEx_BreakCallback  stm32f4xx_hal_tim_ex.o
    0x08001b92   0x00000002   Code   RO         1601    i.HAL_TIMEx_CommutCallback  stm32f4xx_hal_tim_ex.o
    0x08001b94   0x00000074   Code   RO         1603    i.HAL_TIMEx_ConfigBreakDeadTime  stm32f4xx_hal_tim_ex.o
    0x08001c08   0x000000b4   Code   RO         1618    i.HAL_TIMEx_MasterConfigSynchronization  stm32f4xx_hal_tim_ex.o
    0x08001cbc   0x00000034   Code   RO          914    i.HAL_TIM_Base_Init  stm32f4xx_hal_tim.o
    0x08001cf0   0x000000d4   Code   RO          516    i.HAL_TIM_Base_MspInit  stm32f4xx_hal_msp.o
    0x08001dc4   0x00000108   Code   RO          923    i.HAL_TIM_ConfigClockSource  stm32f4xx_hal_tim.o
    0x08001ecc   0x000000ae   Code   RO          932    i.HAL_TIM_Encoder_Init  stm32f4xx_hal_tim.o
    0x08001f7a   0x00000002   PAD
    0x08001f7c   0x000001d8   Code   RO          518    i.HAL_TIM_Encoder_MspInit  stm32f4xx_hal_msp.o
    0x08002154   0x0000004e   Code   RO          935    i.HAL_TIM_Encoder_Start  stm32f4xx_hal_tim.o
    0x080021a2   0x00000002   Code   RO          943    i.HAL_TIM_IC_CaptureCallback  stm32f4xx_hal_tim.o
    0x080021a4   0x00000196   Code   RO          957    i.HAL_TIM_IRQHandler  stm32f4xx_hal_tim.o
    0x0800233a   0x00000002   PAD
    0x0800233c   0x00000064   Code   RO          519    i.HAL_TIM_MspPostInit  stm32f4xx_hal_msp.o
    0x080023a0   0x00000002   Code   RO          960    i.HAL_TIM_OC_DelayElapsedCallback  stm32f4xx_hal_tim.o
    0x080023a2   0x00000108   Code   RO          981    i.HAL_TIM_PWM_ConfigChannel  stm32f4xx_hal_tim.o
    0x080024aa   0x00000034   Code   RO          984    i.HAL_TIM_PWM_Init  stm32f4xx_hal_tim.o
    0x080024de   0x00000002   Code   RO          986    i.HAL_TIM_PWM_MspInit  stm32f4xx_hal_tim.o
    0x080024e0   0x00000002   Code   RO          987    i.HAL_TIM_PWM_PulseFinishedCallback  stm32f4xx_hal_tim.o
    0x080024e2   0x00000002   PAD
    0x080024e4   0x00000058   Code   RO          989    i.HAL_TIM_PWM_Start  stm32f4xx_hal_tim.o
    0x0800253c   0x00000002   Code   RO          995    i.HAL_TIM_PeriodElapsedCallback  stm32f4xx_hal_tim.o
    0x0800253e   0x00000002   Code   RO         1000    i.HAL_TIM_TriggerCallback  stm32f4xx_hal_tim.o
    0x08002540   0x00000002   Code   RO         1872    i.HAL_UART_ErrorCallback  stm32f4xx_hal_uart.o
    0x08002542   0x00000002   PAD
    0x08002544   0x00000154   Code   RO         1875    i.HAL_UART_IRQHandler  stm32f4xx_hal_uart.o
    0x08002698   0x00000072   Code   RO         1876    i.HAL_UART_Init     stm32f4xx_hal_uart.o
    0x0800270a   0x00000002   PAD
    0x0800270c   0x000001f4   Code   RO          521    i.HAL_UART_MspInit  stm32f4xx_hal_msp.o
    0x08002900   0x00000070   Code   RO         1881    i.HAL_UART_Receive_IT  stm32f4xx_hal_uart.o
    0x08002970   0x00000002   Code   RO         1882    i.HAL_UART_RxCpltCallback  stm32f4xx_hal_uart.o
    0x08002972   0x00000002   Code   RO         1887    i.HAL_UART_TxCpltCallback  stm32f4xx_hal_uart.o
    0x08002974   0x00000004   Code   RO          423    i.HardFault_Handler  stm32f4xx_it.o
    0x08002978   0x0000013c   Code   RO          306    i.MX_GPIO_Init      main.o
    0x08002ab4   0x00000044   Code   RO          307    i.MX_SPI1_Init      main.o
    0x08002af8   0x00000108   Code   RO          308    i.MX_TIM1_Init      main.o
    0x08002c00   0x00000064   Code   RO          309    i.MX_TIM2_Init      main.o
    0x08002c64   0x00000080   Code   RO          310    i.MX_TIM3_Init      main.o
    0x08002ce4   0x00000080   Code   RO          311    i.MX_TIM4_Init      main.o
    0x08002d64   0x00000080   Code   RO          312    i.MX_TIM5_Init      main.o
    0x08002de4   0x00000044   Code   RO          313    i.MX_TIM6_Init      main.o
    0x08002e28   0x00000044   Code   RO          314    i.MX_TIM7_Init      main.o
    0x08002e6c   0x00000084   Code   RO          315    i.MX_TIM8_Init      main.o
    0x08002ef0   0x00000038   Code   RO          316    i.MX_UART4_Init     main.o
    0x08002f28   0x00000038   Code   RO          317    i.MX_USART1_UART_Init  main.o
    0x08002f60   0x00000038   Code   RO          318    i.MX_USART2_UART_Init  main.o
    0x08002f98   0x00000038   Code   RO          319    i.MX_USART3_UART_Init  main.o
    0x08002fd0   0x00000004   Code   RO          424    i.MemManage_Handler  stm32f4xx_it.o
    0x08002fd4   0x00000002   Code   RO          425    i.NMI_Handler       stm32f4xx_it.o
    0x08002fd6   0x00000002   Code   RO          426    i.PendSV_Handler    stm32f4xx_it.o
    0x08002fd8   0x00000002   Code   RO          427    i.SVC_Handler       stm32f4xx_it.o
    0x08002fda   0x00000008   Code   RO          428    i.SysTick_Handler   stm32f4xx_it.o
    0x08002fe2   0x00000002   PAD
    0x08002fe4   0x000000b0   Code   RO          320    i.SystemClock_Config  main.o
    0x08003094   0x00000064   Code   RO         3365    i.SystemInit        system_stm32f4xx.o
    0x080030f8   0x00000010   Code   RO          429    i.TIM7_IRQHandler   stm32f4xx_it.o
    0x08003108   0x00000184   Code   RO          169    i.TIMMotorDriverHander  motordriver.o
    0x0800328c   0x000000e4   Code   RO           13    i.TIMSampleHander   botmotor.o
    0x08003370   0x000000d8   Code   RO         1002    i.TIM_Base_SetConfig  stm32f4xx_hal_tim.o
    0x08003448   0x00000022   Code   RO         1003    i.TIM_CCxChannelCmd  stm32f4xx_hal_tim.o
    0x0800346a   0x00000016   Code   RO         1013    i.TIM_ETR_SetConfig  stm32f4xx_hal_tim.o
    0x08003480   0x00000012   Code   RO         1014    i.TIM_ITRx_SetConfig  stm32f4xx_hal_tim.o
    0x08003492   0x00000002   PAD
    0x08003494   0x00000070   Code   RO         1015    i.TIM_OC1_SetConfig  stm32f4xx_hal_tim.o
    0x08003504   0x0000007c   Code   RO         1016    i.TIM_OC2_SetConfig  stm32f4xx_hal_tim.o
    0x08003580   0x00000078   Code   RO         1017    i.TIM_OC3_SetConfig  stm32f4xx_hal_tim.o
    0x080035f8   0x00000054   Code   RO         1018    i.TIM_OC4_SetConfig  stm32f4xx_hal_tim.o
    0x0800364c   0x00000026   Code   RO         1020    i.TIM_TI1_ConfigInputStage  stm32f4xx_hal_tim.o
    0x08003672   0x00000028   Code   RO         1022    i.TIM_TI2_ConfigInputStage  stm32f4xx_hal_tim.o
    0x0800369a   0x00000014   Code   RO         1889    i.UART_DMAAbortOnError  stm32f4xx_hal_uart.o
    0x080036ae   0x00000020   Code   RO         1899    i.UART_EndRxTransfer  stm32f4xx_hal_uart.o
    0x080036ce   0x00000020   Code   RO         1900    i.UART_EndTransmit_IT  stm32f4xx_hal_uart.o
    0x080036ee   0x000000a6   Code   RO         1902    i.UART_Receive_IT   stm32f4xx_hal_uart.o
    0x08003794   0x000003e8   Code   RO         1903    i.UART_SetConfig    stm32f4xx_hal_uart.o
    0x08003b7c   0x00000068   Code   RO         1904    i.UART_Transmit_IT  stm32f4xx_hal_uart.o
    0x08003be4   0x0000006c   Code   RO          430    i.USART1_IRQHandler  stm32f4xx_it.o
    0x08003c50   0x00000004   Code   RO          431    i.UsageFault_Handler  stm32f4xx_it.o
    0x08003c54   0x00000030   Code   RO         4766    i.__0snprintf       mc_w.l(printfa.o)
    0x08003c84   0x0000002c   Code   RO         4770    i.__0vsnprintf      mc_w.l(printfa.o)
    0x08003cb0   0x0000001a   Code   RO         4222    i.__ARM_common_switch8  jansson_CM3LE.lib(hashtable.o)
    0x08003cca   0x00000030   Code   RO         4918    i.__ARM_fpclassify  m_wm.l(fpclassify.o)
    0x08003cfa   0x00000016   Code   RO         3993    i.__ARM_isinf       jansson_CM3LE.lib(value.o)
    0x08003d10   0x00000018   Code   RO         3998    i.__ARM_isnan       jansson_CM3LE.lib(value.o)
    0x08003d28   0x00000010   Code   RO         2984    i.__NVIC_GetPriorityGrouping  stm32f4xx_hal_cortex.o
    0x08003d38   0x00000028   Code   RO         2985    i.__NVIC_SetPriority  stm32f4xx_hal_cortex.o
    0x08003d60   0x00000008   Code   RO         4821    i.__aeabi_errno_addr  mc_w.l(errno.o)
    0x08003d68   0x000000c8   Code   RO         4453    i.__hardfp_cos      m_wm.l(cos.o)
    0x08003e30   0x000000c8   Code   RO         4465    i.__hardfp_sin      m_wm.l(sin.o)
    0x08003ef8   0x00000438   Code   RO         4859    i.__ieee754_rem_pio2  m_wm.l(rred.o)
    0x08004330   0x00000170   Code   RO         4842    i.__kernel_cos      m_wm.l(cos_i.o)
    0x080044a0   0x000000f8   Code   RO         4920    i.__kernel_poly     m_wm.l(poly.o)
    0x08004598   0x00000130   Code   RO         4864    i.__kernel_sin      m_wm.l(sin_i.o)
    0x080046c8   0x00000014   Code   RO         4846    i.__mathlib_dbl_infnan  m_wm.l(dunder.o)
    0x080046dc   0x00000004   PAD
    0x080046e0   0x00000020   Code   RO         4848    i.__mathlib_dbl_invalid  m_wm.l(dunder.o)
    0x08004700   0x00000020   Code   RO         4851    i.__mathlib_dbl_underflow  m_wm.l(dunder.o)
    0x08004720   0x0000000e   Code   RO         4980    i.__scatterload_copy  mc_w.l(handlers.o)
    0x0800472e   0x00000002   Code   RO         4981    i.__scatterload_null  mc_w.l(handlers.o)
    0x08004730   0x0000000e   Code   RO         4982    i.__scatterload_zeroinit  mc_w.l(handlers.o)
    0x0800473e   0x00000002   PAD
    0x08004740   0x0000000c   Code   RO         4823    i.__set_errno       mc_w.l(errno.o)
    0x0800474c   0x00000184   Code   RO         4772    i._fp_digits        mc_w.l(printfa.o)
    0x080048d0   0x0000000e   Code   RO         4958    i._is_digit         mc_w.l(scanf_fp.o)
    0x080048de   0x00000002   PAD
    0x080048e0   0x000006dc   Code   RO         4773    i._printf_core      mc_w.l(printfa.o)
    0x08004fbc   0x00000024   Code   RO         4774    i._printf_post_padding  mc_w.l(printfa.o)
    0x08004fe0   0x0000002e   Code   RO         4775    i._printf_pre_padding  mc_w.l(printfa.o)
    0x0800500e   0x00000016   Code   RO         4776    i._snputc           mc_w.l(printfa.o)
    0x08005024   0x00000018   Code   RO         3647    i.array_copy        jansson_CM3LE.lib(value.o)
    0x0800503c   0x00000016   Code   RO         4097    i.bucket_is_empty   jansson_CM3LE.lib(hashtable.o)
    0x08005052   0x0000004c   Code   RO         3452    i.decode_unicode_escape  jansson_CM3LE.lib(load.o)
    0x0800509e   0x00000002   PAD
    0x080050a0   0x000000c0   Code   RO         3453    i.error_set         jansson_CM3LE.lib(load.o)
    0x08005160   0x00000018   Code   RO         4914    i.fabs              m_wm.l(fabs.o)
    0x08005178   0x00000050   Code   RO         4793    i.free              mc_w.l(malloc.o)
    0x080051c8   0x000000a0   Code   RO          215    i.getResults_PICalculator  picalculator.o
    0x08005268   0x00000016   Code   RO           14    i.getSampleSpeed_BotMotor  botmotor.o
    0x0800527e   0x00000014   Code   RO           15    i.getTargetSpeed_BotMotor  botmotor.o
    0x08005292   0x00000002   PAD
    0x08005294   0x00000144   Code   RO         4098    i.hashlittle        jansson_CM3LE.lib(hashtable.o)
    0x080053d8   0x00000010   Code   RO         4100    i.hashtable_close   jansson_CM3LE.lib(hashtable.o)
    0x080053e8   0x00000022   Code   RO         4102    i.hashtable_do_clear  jansson_CM3LE.lib(hashtable.o)
    0x0800540a   0x00000076   Code   RO         4104    i.hashtable_do_rehash  jansson_CM3LE.lib(hashtable.o)
    0x08005480   0x0000003c   Code   RO         4105    i.hashtable_find_pair  jansson_CM3LE.lib(hashtable.o)
    0x080054bc   0x00000040   Code   RO         4106    i.hashtable_get     jansson_CM3LE.lib(hashtable.o)
    0x080054fc   0x00000048   Code   RO         4107    i.hashtable_init    jansson_CM3LE.lib(hashtable.o)
    0x08005544   0x000000ac   Code   RO         4115    i.hashtable_set     jansson_CM3LE.lib(hashtable.o)
    0x080055f0   0x0000003a   Code   RO          216    i.init_PICalculator  picalculator.o
    0x0800562a   0x0000002a   Code   RO         4116    i.insert_to_bucket  jansson_CM3LE.lib(hashtable.o)
    0x08005654   0x00000036   Code   RO         3649    i.json_array        jansson_CM3LE.lib(value.o)
    0x0800568a   0x00000002   PAD
    0x0800568c   0x00000048   Code   RO         3650    i.json_array_append_new  jansson_CM3LE.lib(value.o)
    0x080056d4   0x0000004c   Code   RO         3654    i.json_array_grow   jansson_CM3LE.lib(value.o)
    0x08005720   0x00000018   Code   RO         3454    i.json_decref       jansson_CM3LE.lib(load.o)
    0x08005738   0x00000018   Code   RO         3660    i.json_decref       jansson_CM3LE.lib(value.o)
    0x08005750   0x00000018   Code   RO         4117    i.json_decref       jansson_CM3LE.lib(hashtable.o)
    0x08005768   0x00000054   Code   RO         3662    i.json_delete       jansson_CM3LE.lib(value.o)
    0x080057bc   0x00000008   Code   RO         3664    i.json_false        jansson_CM3LE.lib(value.o)
    0x080057c4   0x00000010   Code   RO         3455    i.json_incref       jansson_CM3LE.lib(load.o)
    0x080057d4   0x0000001c   Code   RO         3666    i.json_integer      jansson_CM3LE.lib(value.o)
    0x080057f0   0x00000074   Code   RO         3460    i.json_loads        jansson_CM3LE.lib(load.o)
    0x08005864   0x00000008   Code   RO         3669    i.json_null         jansson_CM3LE.lib(value.o)
    0x0800586c   0x0000004c   Code   RO         3671    i.json_object       jansson_CM3LE.lib(value.o)
    0x080058b8   0x0000001c   Code   RO         3676    i.json_object_get   jansson_CM3LE.lib(value.o)
    0x080058d4   0x00000028   Code   RO         4435    i.json_object_seed  jansson_CM3LE.lib(hashtable_seed.o)
    0x080058fc   0x00000040   Code   RO         3685    i.json_object_set_new_nocheck  jansson_CM3LE.lib(value.o)
    0x0800593c   0x00000034   Code   RO         3691    i.json_real         jansson_CM3LE.lib(value.o)
    0x08005970   0x00000018   Code   RO         3693    i.json_real_value   jansson_CM3LE.lib(value.o)
    0x08005988   0x00000012   Code   RO         3702    i.json_string_value  jansson_CM3LE.lib(value.o)
    0x0800599a   0x00000002   PAD
    0x0800599c   0x00000008   Code   RO         3705    i.json_true         jansson_CM3LE.lib(value.o)
    0x080059a4   0x00000022   Code   RO         4042    i.jsonp_error_init  jansson_CM3LE.lib(error.o)
    0x080059c6   0x00000010   Code   RO         4043    i.jsonp_error_set   jansson_CM3LE.lib(error.o)
    0x080059d6   0x00000002   PAD
    0x080059d8   0x0000003c   Code   RO         4044    i.jsonp_error_set_source  jansson_CM3LE.lib(error.o)
    0x08005a14   0x0000002c   Code   RO         4045    i.jsonp_error_vset  jansson_CM3LE.lib(error.o)
    0x08005a40   0x00000010   Code   RO         4257    i.jsonp_free        jansson_CM3LE.lib(memory.o)
    0x08005a50   0x00000010   Code   RO         4258    i.jsonp_malloc      jansson_CM3LE.lib(memory.o)
    0x08005a60   0x0000000a   Code   RO         3706    i.jsonp_stringn_nocheck_own  jansson_CM3LE.lib(value.o)
    0x08005a6a   0x00000024   Code   RO         4260    i.jsonp_strndup     jansson_CM3LE.lib(memory.o)
    0x08005a8e   0x00000002   PAD
    0x08005a90   0x00000064   Code   RO         4363    i.jsonp_strtod      jansson_CM3LE.lib(strconv.o)
    0x08005af4   0x0000001c   Code   RO         3461    i.lex_close         jansson_CM3LE.lib(load.o)
    0x08005b10   0x00000012   Code   RO         3462    i.lex_free_string   jansson_CM3LE.lib(load.o)
    0x08005b22   0x00000008   Code   RO         3463    i.lex_get           jansson_CM3LE.lib(load.o)
    0x08005b2a   0x0000001e   Code   RO         3464    i.lex_get_save      jansson_CM3LE.lib(load.o)
    0x08005b48   0x00000030   Code   RO         3465    i.lex_init          jansson_CM3LE.lib(load.o)
    0x08005b78   0x0000000c   Code   RO         3466    i.lex_save          jansson_CM3LE.lib(load.o)
    0x08005b84   0x00000138   Code   RO         3467    i.lex_scan          jansson_CM3LE.lib(load.o)
    0x08005cbc   0x0000018c   Code   RO         3468    i.lex_scan_number   jansson_CM3LE.lib(load.o)
    0x08005e48   0x00000288   Code   RO         3469    i.lex_scan_string   jansson_CM3LE.lib(load.o)
    0x080060d0   0x00000026   Code   RO         3470    i.lex_unget_unsave  jansson_CM3LE.lib(load.o)
    0x080060f6   0x0000000e   Code   RO         4118    i.list_insert       jansson_CM3LE.lib(hashtable.o)
    0x08006104   0x000000e0   Code   RO          321    i.main              main.o
    0x080061e4   0x0000006c   Code   RO         4794    i.malloc            mc_w.l(malloc.o)
    0x08006250   0x00000094   Code   RO         3471    i.parse_array       jansson_CM3LE.lib(load.o)
    0x080062e4   0x00000094   Code   RO         3472    i.parse_json        jansson_CM3LE.lib(load.o)
    0x08006378   0x00000180   Code   RO         3473    i.parse_object      jansson_CM3LE.lib(load.o)
    0x080064f8   0x00000140   Code   RO         3474    i.parse_value       jansson_CM3LE.lib(load.o)
    0x08006638   0x00000058   Code   RO          250    i.rotate            serialcontrolor.o
    0x08006690   0x00000006   Code   RO         3438    i.seed_from_timestamp_and_pid  jansson_config.o
    0x08006696   0x00000002   PAD
    0x08006698   0x00000138   Code   RO          251    i.serialInfoHander  serialcontrolor.o
    0x080067d0   0x00000014   Code   RO           16    i.setTargetSpeed_BotMotor  botmotor.o
    0x080067e4   0x0000000c   Code   RO         4303    i.strbuffer_append_byte  jansson_CM3LE.lib(strbuffer.o)
    0x080067f0   0x00000070   Code   RO         4304    i.strbuffer_append_bytes  jansson_CM3LE.lib(strbuffer.o)
    0x08006860   0x0000000a   Code   RO         4305    i.strbuffer_clear   jansson_CM3LE.lib(strbuffer.o)
    0x0800686a   0x00000018   Code   RO         4306    i.strbuffer_close   jansson_CM3LE.lib(strbuffer.o)
    0x08006882   0x00000022   Code   RO         4307    i.strbuffer_init    jansson_CM3LE.lib(strbuffer.o)
    0x080068a4   0x00000018   Code   RO         4308    i.strbuffer_pop     jansson_CM3LE.lib(strbuffer.o)
    0x080068bc   0x00000004   Code   RO         4310    i.strbuffer_value   jansson_CM3LE.lib(strbuffer.o)
    0x080068c0   0x000000e4   Code   RO         3475    i.stream_get        jansson_CM3LE.lib(load.o)
    0x080069a4   0x0000004a   Code   RO         3476    i.stream_unget      jansson_CM3LE.lib(load.o)
    0x080069ee   0x0000003e   Code   RO         3707    i.string_create     jansson_CM3LE.lib(value.o)
    0x08006a2c   0x00000018   Code   RO         3477    i.string_get        jansson_CM3LE.lib(load.o)
    0x08006a44   0x00000004   PAD
    0x08006a48   0x00000030   Code   RO         4479    i.strtod            m_wm.l(strtod.o)
    0x08006a78   0x0000014c   Code   RO          252    i.translation       serialcontrolor.o
    0x08006bc4   0x0000003c   Code   RO         4399    i.utf8_check_first  jansson_CM3LE.lib(utf.o)
    0x08006c00   0x00000088   Code   RO         4400    i.utf8_check_full   jansson_CM3LE.lib(utf.o)
    0x08006c88   0x0000007c   Code   RO         4402    i.utf8_encode       jansson_CM3LE.lib(utf.o)
    0x08006d04   0x00000018   Data   RO         3366    .constdata          system_stm32f4xx.o
    0x08006d1c   0x00000004   PAD
    0x08006d20   0x00000030   Data   RO         4843    .constdata          m_wm.l(cos_i.o)
    0x08006d50   0x000000c8   Data   RO         4861    .constdata          m_wm.l(rred.o)
    0x08006e18   0x00000028   Data   RO         4865    .constdata          m_wm.l(sin_i.o)
    0x08006e40   0x00000081   Data   RO         4929    .constdata          mc_w.l(ctype_o.o)
    0x08006ec1   0x00000003   PAD
    0x08006ec4   0x00000004   Data   RO         4930    .constdata          mc_w.l(ctype_o.o)
    0x08006ec8   0x00000020   Data   RO         4978    Region$$Table       anon$$obj.o


    Execution Region RW_IRAM1 (Base: 0x20000000, Size: 0x00000a68, Max: 0x00020000, ABSOLUTE)

    Base Addr    Size         Type   Attr      Idx    E Section Name        Object

    0x20000000   0x00000004   Data   RW           18    .data               botmotor.o
    0x20000004   0x00000004   Data   RW          171    .data               motordriver.o
    0x20000008   0x00000010   Data   RW          253    .data               serialcontrolor.o
    0x20000018   0x00000001   Data   RW          323    .data               main.o
    0x20000019   0x00000003   PAD
    0x2000001c   0x00000004   Data   RW          433    .data               stm32f4xx_it.o
    0x20000020   0x00000009   Data   RW         3133    .data               stm32f4xx_hal.o
    0x20000029   0x00000003   PAD
    0x2000002c   0x00000004   Data   RW         3367    .data               system_stm32f4xx.o
    0x20000030   0x00000018   Data   RW         3708    .data               jansson_CM3LE.lib(value.o)
    0x20000048   0x00000008   Data   RW         4261    .data               jansson_CM3LE.lib(memory.o)
    0x20000050   0x00000004   Data   RW         4436    .data               jansson_CM3LE.lib(hashtable_seed.o)
    0x20000054   0x00000004   Data   RW         4824    .data               mc_w.l(errno.o)
    0x20000058   0x00000004   Data   RW         4892    .data               mc_w.l(mvars.o)
    0x2000005c   0x00000004   Data   RW         4893    .data               mc_w.l(mvars.o)
    0x20000060   0x00000020   Zero   RW           17    .bss                botmotor.o
    0x20000080   0x00000010   Zero   RW          170    .bss                motordriver.o
    0x20000090   0x00000358   Zero   RW          322    .bss                main.o
    0x200003e8   0x00000080   Zero   RW          432    .bss                stm32f4xx_it.o
    0x20000468   0x00000200   Zero   RW            2    HEAP                startup_stm32f407xx.o
    0x20000668   0x00000400   Zero   RW            1    STACK               startup_stm32f407xx.o


==============================================================================

Image component sizes


      Code (inc. data)   RO Data    RW Data    ZI Data      Debug   Object Name

       290         24          0          4         32     695371   botmotor.o
         6          0          0          0          0        846   jansson_config.o
      2026        178          0          1        856       9992   main.o
       388         30          0          4         16       2330   motordriver.o
       218          0          0          0          0       2138   picalculator.o
       732        106          0         16          0       5960   serialcontrolor.o
        36          8        392          0       1536        808   startup_stm32f407xx.o
       212         36          0          9          0       9161   stm32f4xx_hal.o
       304         22          0          0          0      34255   stm32f4xx_hal_cortex.o
        40          0          0          0          0       1071   stm32f4xx_hal_dma.o
       524         46          0          0          0       2224   stm32f4xx_hal_gpio.o
      1552        120          0          0          0       5046   stm32f4xx_hal_msp.o
      1800         84          0          0          0       5416   stm32f4xx_hal_rcc.o
       140          0          0          0          0       1107   stm32f4xx_hal_spi.o
      2198         90          0          0          0      16891   stm32f4xx_hal_tim.o
       300         30          0          0          0       3177   stm32f4xx_hal_tim_ex.o
      1926         12          0          0          0       8317   stm32f4xx_hal_uart.o
       156         22          0          4        128       5387   stm32f4xx_it.o
       100         18         24          4          0       1071   system_stm32f4xx.o

    ----------------------------------------------------------------------
     12966        826        452         48       2568     810568   Object Totals
         0          0         32          0          0          0   (incl. Generated)
        18          0          4          6          0          0   (incl. Padding)

    ----------------------------------------------------------------------

      Code (inc. data)   RO Data    RW Data    ZI Data      Debug   Library Member Name

       154          4          0          0          0       6477   error.o
       988         32          0          0          0      15308   hashtable.o
        40          6          0          4          0       1280   hashtable_seed.o
      3288        680          0          0          0      24773   load.o
        68          8          0          8          0       5614   memory.o
       220          4          0          0          0       4432   strbuffer.o
       100         10          0          0          0       1151   strconv.o
       320         14          0          0          0       2507   utf.o
       766         32          0         24          0      20590   value.o
       200         20          0          0          0        164   cos.o
       368         46         48          0          0        200   cos_i.o
        84         16          0          0          0        372   dunder.o
        24          0          0          0          0        124   fabs.o
        48          0          0          0          0        124   fpclassify.o
       248          0          0          0          0        152   poly.o
      1080        142        200          0          0        188   rred.o
       200         20          0          0          0        164   sin.o
       304         24         40          0          0        208   sin_i.o
        48         14          0          0          0        128   strtod.o
       144          0          0          0          0         88   __strtoll.o
        28          0          0          0          0         68   _chval.o
        64          0          0          0          0         84   _sgetc.o
       194          0          0          0          0         96   _strtoull.o
         8          4        133          0          0         68   ctype_o.o
         0          0          0          0          0          0   entry.o
         0          0          0          0          0          0   entry10a.o
         0          0          0          0          0          0   entry11a.o
         8          4          0          0          0          0   entry2.o
         4          0          0          0          0          0   entry5.o
         0          0          0          0          0          0   entry7b.o
         0          0          0          0          0          0   entry8b.o
         8          4          0          0          0          0   entry9a.o
        20         10          0          4          0        136   errno.o
        30          0          0          0          0          0   handlers.o
        36          8          0          0          0         68   init.o
        18          0          0          0          0         76   isspace_o.o
         0          0          0          0          0          0   iusefp.o
        30          0          0          0          0         68   llshl.o
        36          0          0          0          0         68   llsshr.o
        32          0          0          0          0         68   llushr.o
       188         20          0          0          0        160   malloc.o
        20          0          0          0          0         68   memchr.o
        64          0          0          0          0         76   memmovea.o
        36          0          0          0          0        108   memseta.o
         0          0          0          8          0          0   mvars.o
      2340         88          0          0          0        600   printfa.o
       838         12          0          0          0        216   scanf_fp.o
        28          0          0          0          0         76   strcmp.o
        18          0          0          0          0         68   strcpy.o
        14          0          0          0          0         68   strlen.o
       156         12          0          0          0        120   strtod.o
         4          0          0          0          0         68   strtoll.o
        44          0          0          0          0         80   uidiv.o
        98          0          0          0          0         92   uldiv.o
        48          0          0          0          0         68   cdcmple.o
        48          0          0          0          0         68   cdrcmple.o
        56          0          0          0          0         88   d2f.o
       334          0          0          0          0        148   dadd.o
       222          0          0          0          0        100   ddiv.o
       186          0          0          0          0        176   depilogue.o
        62          0          0          0          0         80   dfixi.o
        48          0          0          0          0         68   dfixul.o
        34          0          0          0          0         76   dflti.o
        26          0          0          0          0         76   dfltui.o
        24          0          0          0          0         76   dfltul.o
       228          0          0          0          0         96   dmul.o
        38          0          0          0          0         68   f2d.o
       110          0          0          0          0        168   fepilogue.o

    ----------------------------------------------------------------------
     14550       1234        424         48          0      88000   Library Totals
        30          0          3          0          0          0   (incl. Padding)

    ----------------------------------------------------------------------

      Code (inc. data)   RO Data    RW Data    ZI Data      Debug   Library Name

      5944        790          0         36          0      82132   jansson_CM3LE.lib
      2604        282        288          0          0       1824   m_wm.l
      4508        162        133         12          0       2688   mc_w.l
      1464          0          0          0          0       1356   mf_w.l

    ----------------------------------------------------------------------
     14550       1234        424         48          0      88000   Library Totals

    ----------------------------------------------------------------------

==============================================================================


      Code (inc. data)   RO Data    RW Data    ZI Data      Debug   

     27516       2060        876         96       2568     882500   Grand Totals
     27516       2060        876         96       2568     882500   ELF Image Totals
     27516       2060        876         96          0          0   ROM Totals

==============================================================================

    Total RO  Size (Code + RO Data)                28392 (  27.73kB)
    Total RW  Size (RW Data + ZI Data)              2664 (   2.60kB)
    Total ROM Size (Code + RO Data + RW Data)      28488 (  27.82kB)

==============================================================================

